[2026-02-10 00:04:45] laravel.EMERGENCY: Unable to create configured logger. Using emergency logger. {"exception":"[object] (InvalidArgumentException(code: 0): Log [] is not defined. at C:/Users/KAUAARIELSOUZAHUNGER/Desktop/HUMILHANDO-WILLIAN/back-end/vendor/laravel/framework/src/Illuminate/Log/LogManager.php:212)
[stacktrace]
#0 C:/Users/KAUAARIELSOUZAHUNGER/Desktop/HUMILHANDO-WILLIAN/back-end/vendor/laravel/framework/src/Illuminate/Log/LogManager.php(137): Illuminate/Log/LogManager->resolve(NULL, NULL)
#1 C:/Users/KAUAARIELSOUZAHUNGER/Desktop/HUMILHANDO-WILLIAN/back-end/vendor/laravel/framework/src/Illuminate/Log/LogManager.php(124): Illuminate/Log/LogManager->get(NULL)
#2 C:/Users/KAUAARIELSOUZAHUNGER/Desktop/HUMILHANDO-WILLIAN/back-end/vendor/laravel/framework/src/Illuminate/Log/LogManager.php(681): Illuminate/Log/LogManager->driver()
#3 C:/Users/KAUAARIELSOUZAHUNGER/Desktop/HUMILHANDO-WILLIAN/back-end/vendor/laravel/framework/src/Illuminate/Foundation/Exceptions/Handler.php(317): Illuminate/Log/LogManager->error('Class \"Str\" not...', Array)
#4 C:/Users/KAUAARIELSOUZAHUNGER/Desktop/HUMILHANDO-WILLIAN/back-end/vendor/laravel/framework/src/Illuminate/Foundation/Exceptions/Handler.php(278): Illuminate/Foundation/Exceptions/Handler->reportThrowable(Object(Error))
#5 C:/Users/KAUAARIELSOUZAHUNGER/Desktop/HUMILHANDO-WILLIAN/back-end/vendor/laravel/framework/src/Illuminate/Foundation/Console/Kernel.php(523): Illuminate/Foundation/Exceptions/Handler->report(Object(Error))
#6 C:/Users/KAUAARIELSOUZAHUNGER/Desktop/HUMILHANDO-WILLIAN/back-end/vendor/laravel/framework/src/Illuminate/Foundation/Console/Kernel.php(203): Illuminate/Foundation/Console/Kernel->reportException(Object(Error))
#7 C:/Users/KAUAARIELSOUZAHUNGER/Desktop/HUMILHANDO-WILLIAN/back-end/artisan(12): Illuminate/Foundation/Console/Kernel->handle(Object(Symfony/Component/Console/Input/ArgvInput), Object(Symfony/Component/Console/Output/ConsoleOutput))
#8 {main}
"} 
[2026-02-10 00:04:45] laravel.ERROR: Class "Str" not found {"exception":"[object] (Error(code: 0): Class \"Str\" not found at C:/Users/KAUAARIELSOUZAHUNGER/Desktop/HUMILHANDO-WILLIAN/back-end/config/database.php:91)
[stacktrace]
#0 C:/Users/KAUAARIELSOUZAHUNGER/Desktop/HUMILHANDO-WILLIAN/back-end/vendor/laravel/framework/src/Illuminate/Foundation/Bootstrap/LoadConfiguration.php(70): require()
#1 C:/Users/KAUAARIELSOUZAHUNGER/Desktop/HUMILHANDO-WILLIAN/back-end/vendor/laravel/framework/src/Illuminate/Foundation/Bootstrap/LoadConfiguration.php(39): Illuminate/Foundation/Bootstrap/LoadConfiguration->loadConfigurationFiles(Object(Illuminate/Foundation/Application), Object(Illuminate/Config/Repository))
#2 C:/Users/KAUAARIELSOUZAHUNGER/Desktop/HUMILHANDO-WILLIAN/back-end/vendor/laravel/framework/src/Illuminate/Foundation/Application.php(286): Illuminate/Foundation/Bootstrap/LoadConfiguration->bootstrap(Object(Illuminate/Foundation/Application))
#3 C:/Users/KAUAARIELSOUZAHUNGER/Desktop/HUMILHANDO-WILLIAN/back-end/vendor/laravel/framework/src/Illuminate/Foundation/Console/Kernel.php(447): Illuminate/Foundation/Application->bootstrapWith(Array)
#4 C:/Users/KAUAARIELSOUZAHUNGER/Desktop/HUMILHANDO-WILLIAN/back-end/vendor/laravel/framework/src/Illuminate/Foundation/Console/Kernel.php(199): Illuminate/Foundation/Console/Kernel->bootstrap()
#5 C:/Users/KAUAARIELSOUZAHUNGER/Desktop/HUMILHANDO-WILLIAN/back-end/artisan(12): Illuminate/Foundation/Console/Kernel->handle(Object(Symfony/Component/Console/Input/ArgvInput), Object(Symfony/Component/Console/Output/ConsoleOutput))
#6 {main}
"} 
[2026-02-09 23:04:55] laravel.EMERGENCY: Unable to create configured logger. Using emergency logger. {"exception":"[object] (InvalidArgumentException(code: 0): Log [] is not defined. at C:/Users/KAUAARIELSOUZAHUNGER/Desktop/HUMILHANDO-WILLIAN/back-end/vendor/laravel/framework/src/Illuminate/Log/LogManager.php:212)
[stacktrace]
#0 C:/Users/KAUAARIELSOUZAHUNGER/Desktop/HUMILHANDO-WILLIAN/back-end/vendor/laravel/framework/src/Illuminate/Log/LogManager.php(137): Illuminate/Log/LogManager->resolve(NULL, NULL)
#1 C:/Users/KAUAARIELSOUZAHUNGER/Desktop/HUMILHANDO-WILLIAN/back-end/vendor/laravel/framework/src/Illuminate/Log/LogManager.php(124): Illuminate/Log/LogManager->get(NULL)
#2 C:/Users/KAUAARIELSOUZAHUNGER/Desktop/HUMILHANDO-WILLIAN/back-end/vendor/laravel/framework/src/Illuminate/Log/LogManager.php(681): Illuminate/Log/LogManager->driver()
#3 C:/Users/KAUAARIELSOUZAHUNGER/Desktop/HUMILHANDO-WILLIAN/back-end/vendor/laravel/framework/src/Illuminate/Foundation/Exceptions/Handler.php(317): Illuminate/Log/LogManager->error('Target class [f...', Array)
#4 C:/Users/KAUAARIELSOUZAHUNGER/Desktop/HUMILHANDO-WILLIAN/back-end/vendor/laravel/framework/src/Illuminate/Foundation/Exceptions/Handler.php(278): Illuminate/Foundation/Exceptions/Handler->reportThrowable(Object(Illuminate/Contracts/Container/BindingResolutionException))
#5 C:/Users/KAUAARIELSOUZAHUNGER/Desktop/HUMILHANDO-WILLIAN/back-end/vendor/laravel/framework/src/Illuminate/Foundation/Console/Kernel.php(523): Illuminate/Foundation/Exceptions/Handler->report(Object(Illuminate/Contracts/Container/BindingResolutionException))
#6 C:/Users/KAUAARIELSOUZAHUNGER/Desktop/HUMILHANDO-WILLIAN/back-end/vendor/laravel/framework/src/Illuminate/Foundation/Console/Kernel.php(203): Illuminate/Foundation/Console/Kernel->reportException(Object(Illuminate/Contracts/Container/BindingResolutionException))
#7 C:/Users/KAUAARIELSOUZAHUNGER/Desktop/HUMILHANDO-WILLIAN/back-end/artisan(12): Illuminate/Foundation/Console/Kernel->handle(Object(Symfony/Component/Console/Input/ArgvInput), Object(Symfony/Component/Console/Output/ConsoleOutput))
#8 {main}
"} 
[2026-02-09 23:04:55] laravel.ERROR: Target class [files] does not exist. {"exception":"[object] (Illuminate\\Contracts\\Container\\BindingResolutionException(code: 0): Target class [files] does not exist. at C:/Users/KAUAARIELSOUZAHUNGER/Desktop/HUMILHANDO-WILLIAN/back-end/vendor/laravel/framework/src/Illuminate/Container/Container.php:914)
[stacktrace]
#0 C:/Users/KAUAARIELSOUZAHUNGER/Desktop/HUMILHANDO-WILLIAN/back-end/vendor/laravel/framework/src/Illuminate/Container/Container.php(795): Illuminate/Container/Container->build('files')
#1 C:/Users/KAUAARIELSOUZAHUNGER/Desktop/HUMILHANDO-WILLIAN/back-end/vendor/laravel/framework/src/Illuminate/Foundation/Application.php(986): Illuminate/Container/Container->resolve('files', Array, true)
#2 C:/Users/KAUAARIELSOUZAHUNGER/Desktop/HUMILHANDO-WILLIAN/back-end/vendor/laravel/framework/src/Illuminate/Container/Container.php(731): Illuminate/Foundation/Application->resolve('files', Array)
#3 C:/Users/KAUAARIELSOUZAHUNGER/Desktop/HUMILHANDO-WILLIAN/back-end/vendor/laravel/framework/src/Illuminate/Foundation/Application.php(971): Illuminate/Container/Container->make('files', Array)
#4 C:/Users/KAUAARIELSOUZAHUNGER/Desktop/HUMILHANDO-WILLIAN/back-end/vendor/laravel/framework/src/Illuminate/Container/Container.php(1454): Illuminate/Foundation/Application->make('files')
#5 C:/Users/KAUAARIELSOUZAHUNGER/Desktop/HUMILHANDO-WILLIAN/back-end/vendor/laravel/framework/src/Illuminate/Foundation/Application.php(1176): Illuminate/Container/Container->offsetGet('files')
#6 C:/Users/KAUAARIELSOUZAHUNGER/Desktop/HUMILHANDO-WILLIAN/back-end/vendor/laravel/sanctum/src/SanctumServiceProvider.php(82): Illuminate/Foundation/Application->routesAreCached()
#7 C:/Users/KAUAARIELSOUZAHUNGER/Desktop/HUMILHANDO-WILLIAN/back-end/vendor/laravel/sanctum/src/SanctumServiceProvider.php(58): Laravel/Sanctum/SanctumServiceProvider->defineRoutes()
#8 C:/Users/KAUAARIELSOUZAHUNGER/Desktop/HUMILHANDO-WILLIAN/back-end/vendor/laravel/framework/src/Illuminate/Container/BoundMethod.php(36): Laravel/Sanctum/SanctumServiceProvider->boot()
#9 C:/Users/KAUAARIELSOUZAHUNGER/Desktop/HUMILHANDO-WILLIAN/back-end/vendor/laravel/framework/src/Illuminate/Container/Util.php(41): Illuminate/Container/BoundMethod::Illuminate/Container/{closure}()
#10 C:/Users/KAUAARIELSOUZAHUNGER/Desktop/HUMILHANDO-WILLIAN/back-end/vendor/laravel/framework/src/Illuminate/Container/BoundMethod.php(93): Illuminate/Container/Util::unwrapIfClosure(Object(Closure))
#11 C:/Users/KAUAARIELSOUZAHUNGER/Desktop/HUMILHANDO-WILLIAN/back-end/vendor/laravel/framework/src/Illuminate/Container/BoundMethod.php(35): Illuminate/Container/BoundMethod::callBoundMethod(Object(Illuminate/Foundation/Application), Array, Object(Closure))
#12 C:/Users/KAUAARIELSOUZAHUNGER/Desktop/HUMILHANDO-WILLIAN/back-end/vendor/laravel/framework/src/Illuminate/Container/Container.php(662): Illuminate/Container/BoundMethod::call(Object(Illuminate/Foundation/Application), Array, Array, NULL)
#13 C:/Users/KAUAARIELSOUZAHUNGER/Desktop/HUMILHANDO-WILLIAN/back-end/vendor/laravel/framework/src/Illuminate/Foundation/Application.php(1059): Illuminate/Container/Container->call(Array)
#14 C:/Users/KAUAARIELSOUZAHUNGER/Desktop/HUMILHANDO-WILLIAN/back-end/vendor/laravel/framework/src/Illuminate/Foundation/Application.php(1040): Illuminate/Foundation/Application->bootProvider(Object(Laravel/Sanctum/SanctumServiceProvider))
#15 [internal function]: Illuminate/Foundation/Application->Illuminate/Foundation/{closure}(Object(Laravel/Sanctum/SanctumServiceProvider), 3)
#16 C:/Users/KAUAARIELSOUZAHUNGER/Desktop/HUMILHANDO-WILLIAN/back-end/vendor/laravel/framework/src/Illuminate/Foundation/Application.php(1039): array_walk(Array, Object(Closure))
#17 C:/Users/KAUAARIELSOUZAHUNGER/Desktop/HUMILHANDO-WILLIAN/back-end/vendor/laravel/framework/src/Illuminate/Foundation/Bootstrap/BootProviders.php(17): Illuminate/Foundation/Application->boot()
#18 C:/Users/KAUAARIELSOUZAHUNGER/Desktop/HUMILHANDO-WILLIAN/back-end/vendor/laravel/framework/src/Illuminate/Foundation/Application.php(286): Illuminate/Foundation/Bootstrap/BootProviders->bootstrap(Object(Illuminate/Foundation/Application))
#19 C:/Users/KAUAARIELSOUZAHUNGER/Desktop/HUMILHANDO-WILLIAN/back-end/vendor/laravel/framework/src/Illuminate/Foundation/Console/Kernel.php(447): Illuminate/Foundation/Application->bootstrapWith(Array)
#20 C:/Users/KAUAARIELSOUZAHUNGER/Desktop/HUMILHANDO-WILLIAN/back-end/vendor/laravel/framework/src/Illuminate/Foundation/Console/Kernel.php(199): Illuminate/Foundation/Console/Kernel->bootstrap()
#21 C:/Users/KAUAARIELSOUZAHUNGER/Desktop/HUMILHANDO-WILLIAN/back-end/artisan(12): Illuminate/Foundation/Console/Kernel->handle(Object(Symfony/Component/Console/Input/ArgvInput), Object(Symfony/Component/Console/Output/ConsoleOutput))
#22 {main}

[previous exception] [object] (ReflectionException(code: -1): Class \"files\" does not exist at C:/Users/KAUAARIELSOUZAHUNGER/Desktop/HUMILHANDO-WILLIAN/back-end/vendor/laravel/framework/src/Illuminate/Container/Container.php:912)
[stacktrace]
#0 C:/Users/KAUAARIELSOUZAHUNGER/Desktop/HUMILHANDO-WILLIAN/back-end/vendor/laravel/framework/src/Illuminate/Container/Container.php(912): ReflectionClass->__construct('files')
#1 C:/Users/KAUAARIELSOUZAHUNGER/Desktop/HUMILHANDO-WILLIAN/back-end/vendor/laravel/framework/src/Illuminate/Container/Container.php(795): Illuminate/Container/Container->build('files')
#2 C:/Users/KAUAARIELSOUZAHUNGER/Desktop/HUMILHANDO-WILLIAN/back-end/vendor/laravel/framework/src/Illuminate/Foundation/Application.php(986): Illuminate/Container/Container->resolve('files', Array, true)
#3 C:/Users/KAUAARIELSOUZAHUNGER/Desktop/HUMILHANDO-WILLIAN/back-end/vendor/laravel/framework/src/Illuminate/Container/Container.php(731): Illuminate/Foundation/Application->resolve('files', Array)
#4 C:/Users/KAUAARIELSOUZAHUNGER/Desktop/HUMILHANDO-WILLIAN/back-end/vendor/laravel/framework/src/Illuminate/Foundation/Application.php(971): Illuminate/Container/Container->make('files', Array)
#5 C:/Users/KAUAARIELSOUZAHUNGER/Desktop/HUMILHANDO-WILLIAN/back-end/vendor/laravel/framework/src/Illuminate/Container/Container.php(1454): Illuminate/Foundation/Application->make('files')
#6 C:/Users/KAUAARIELSOUZAHUNGER/Desktop/HUMILHANDO-WILLIAN/back-end/vendor/laravel/framework/src/Illuminate/Foundation/Application.php(1176): Illuminate/Container/Container->offsetGet('files')
#7 C:/Users/KAUAARIELSOUZAHUNGER/Desktop/HUMILHANDO-WILLIAN/back-end/vendor/laravel/sanctum/src/SanctumServiceProvider.php(82): Illuminate/Foundation/Application->routesAreCached()
#8 C:/Users/KAUAARIELSOUZAHUNGER/Desktop/HUMILHANDO-WILLIAN/back-end/vendor/laravel/sanctum/src/SanctumServiceProvider.php(58): Laravel/Sanctum/SanctumServiceProvider->defineRoutes()
#9 C:/Users/KAUAARIELSOUZAHUNGER/Desktop/HUMILHANDO-WILLIAN/back-end/vendor/laravel/framework/src/Illuminate/Container/BoundMethod.php(36): Laravel/Sanctum/SanctumServiceProvider->boot()
#10 C:/Users/KAUAARIELSOUZAHUNGER/Desktop/HUMILHANDO-WILLIAN/back-end/vendor/laravel/framework/src/Illuminate/Container/Util.php(41): Illuminate/Container/BoundMethod::Illuminate/Container/{closure}()
#11 C:/Users/KAUAARIELSOUZAHUNGER/Desktop/HUMILHANDO-WILLIAN/back-end/vendor/laravel/framework/src/Illuminate/Container/BoundMethod.php(93): Illuminate/Container/Util::unwrapIfClosure(Object(Closure))
#12 C:/Users/KAUAARIELSOUZAHUNGER/Desktop/HUMILHANDO-WILLIAN/back-end/vendor/laravel/framework/src/Illuminate/Container/BoundMethod.php(35): Illuminate/Container/BoundMethod::callBoundMethod(Object(Illuminate/Foundation/Application), Array, Object(Closure))
#13 C:/Users/KAUAARIELSOUZAHUNGER/Desktop/HUMILHANDO-WILLIAN/back-end/vendor/laravel/framework/src/Illuminate/Container/Container.php(662): Illuminate/Container/BoundMethod::call(Object(Illuminate/Foundation/Application), Array, Array, NULL)
#14 C:/Users/KAUAARIELSOUZAHUNGER/Desktop/HUMILHANDO-WILLIAN/back-end/vendor/laravel/framework/src/Illuminate/Foundation/Application.php(1059): Illuminate/Container/Container->call(Array)
#15 C:/Users/KAUAARIELSOUZAHUNGER/Desktop/HUMILHANDO-WILLIAN/back-end/vendor/laravel/framework/src/Illuminate/Foundation/Application.php(1040): Illuminate/Foundation/Application->bootProvider(Object(Laravel/Sanctum/SanctumServiceProvider))
#16 [internal function]: Illuminate/Foundation/Application->Illuminate/Foundation/{closure}(Object(Laravel/Sanctum/SanctumServiceProvider), 3)
#17 C:/Users/KAUAARIELSOUZAHUNGER/Desktop/HUMILHANDO-WILLIAN/back-end/vendor/laravel/framework/src/Illuminate/Foundation/Application.php(1039): array_walk(Array, Object(Closure))
#18 C:/Users/KAUAARIELSOUZAHUNGER/Desktop/HUMILHANDO-WILLIAN/back-end/vendor/laravel/framework/src/Illuminate/Foundation/Bootstrap/BootProviders.php(17): Illuminate/Foundation/Application->boot()
#19 C:/Users/KAUAARIELSOUZAHUNGER/Desktop/HUMILHANDO-WILLIAN/back-end/vendor/laravel/framework/src/Illuminate/Foundation/Application.php(286): Illuminate/Foundation/Bootstrap/BootProviders->bootstrap(Object(Illuminate/Foundation/Application))
#20 C:/Users/KAUAARIELSOUZAHUNGER/Desktop/HUMILHANDO-WILLIAN/back-end/vendor/laravel/framework/src/Illuminate/Foundation/Console/Kernel.php(447): Illuminate/Foundation/Application->bootstrapWith(Array)
#21 C:/Users/KAUAARIELSOUZAHUNGER/Desktop/HUMILHANDO-WILLIAN/back-end/vendor/laravel/framework/src/Illuminate/Foundation/Console/Kernel.php(199): Illuminate/Foundation/Console/Kernel->bootstrap()
#22 C:/Users/KAUAARIELSOUZAHUNGER/Desktop/HUMILHANDO-WILLIAN/back-end/artisan(12): Illuminate/Foundation/Console/Kernel->handle(Object(Symfony/Component/Console/Input/ArgvInput), Object(Symfony/Component/Console/Output/ConsoleOutput))
#23 {main}
"} 
[2026-02-09 23:05:06] laravel.EMERGENCY: Unable to create configured logger. Using emergency logger. {"exception":"[object] (InvalidArgumentException(code: 0): Log [] is not defined. at C:/Users/KAUAARIELSOUZAHUNGER/Desktop/HUMILHANDO-WILLIAN/back-end/vendor/laravel/framework/src/Illuminate/Log/LogManager.php:212)
[stacktrace]
#0 C:/Users/KAUAARIELSOUZAHUNGER/Desktop/HUMILHANDO-WILLIAN/back-end/vendor/laravel/framework/src/Illuminate/Log/LogManager.php(137): Illuminate/Log/LogManager->resolve(NULL, NULL)
#1 C:/Users/KAUAARIELSOUZAHUNGER/Desktop/HUMILHANDO-WILLIAN/back-end/vendor/laravel/framework/src/Illuminate/Log/LogManager.php(124): Illuminate/Log/LogManager->get(NULL)
#2 C:/Users/KAUAARIELSOUZAHUNGER/Desktop/HUMILHANDO-WILLIAN/back-end/vendor/laravel/framework/src/Illuminate/Log/LogManager.php(681): Illuminate/Log/LogManager->driver()
#3 C:/Users/KAUAARIELSOUZAHUNGER/Desktop/HUMILHANDO-WILLIAN/back-end/vendor/laravel/framework/src/Illuminate/Foundation/Exceptions/Handler.php(317): Illuminate/Log/LogManager->error('Target class [f...', Array)
#4 C:/Users/KAUAARIELSOUZAHUNGER/Desktop/HUMILHANDO-WILLIAN/back-end/vendor/laravel/framework/src/Illuminate/Foundation/Exceptions/Handler.php(278): Illuminate/Foundation/Exceptions/Handler->reportThrowable(Object(Illuminate/Contracts/Container/BindingResolutionException))
#5 C:/Users/KAUAARIELSOUZAHUNGER/Desktop/HUMILHANDO-WILLIAN/back-end/vendor/laravel/framework/src/Illuminate/Foundation/Console/Kernel.php(523): Illuminate/Foundation/Exceptions/Handler->report(Object(Illuminate/Contracts/Container/BindingResolutionException))
#6 C:/Users/KAUAARIELSOUZAHUNGER/Desktop/HUMILHANDO-WILLIAN/back-end/vendor/laravel/framework/src/Illuminate/Foundation/Console/Kernel.php(203): Illuminate/Foundation/Console/Kernel->reportException(Object(Illuminate/Contracts/Container/BindingResolutionException))
#7 C:/Users/KAUAARIELSOUZAHUNGER/Desktop/HUMILHANDO-WILLIAN/back-end/artisan(12): Illuminate/Foundation/Console/Kernel->handle(Object(Symfony/Component/Console/Input/ArgvInput), Object(Symfony/Component/Console/Output/ConsoleOutput))
#8 {main}
"} 
[2026-02-09 23:05:06] laravel.ERROR: Target class [files] does not exist. {"exception":"[object] (Illuminate\\Contracts\\Container\\BindingResolutionException(code: 0): Target class [files] does not exist. at C:/Users/KAUAARIELSOUZAHUNGER/Desktop/HUMILHANDO-WILLIAN/back-end/vendor/laravel/framework/src/Illuminate/Container/Container.php:914)
[stacktrace]
#0 C:/Users/KAUAARIELSOUZAHUNGER/Desktop/HUMILHANDO-WILLIAN/back-end/vendor/laravel/framework/src/Illuminate/Container/Container.php(795): Illuminate/Container/Container->build('files')
#1 C:/Users/KAUAARIELSOUZAHUNGER/Desktop/HUMILHANDO-WILLIAN/back-end/vendor/laravel/framework/src/Illuminate/Foundation/Application.php(986): Illuminate/Container/Container->resolve('files', Array, true)
#2 C:/Users/KAUAARIELSOUZAHUNGER/Desktop/HUMILHANDO-WILLIAN/back-end/vendor/laravel/framework/src/Illuminate/Container/Container.php(731): Illuminate/Foundation/Application->resolve('files', Array)
#3 C:/Users/KAUAARIELSOUZAHUNGER/Desktop/HUMILHANDO-WILLIAN/back-end/vendor/laravel/framework/src/Illuminate/Foundation/Application.php(971): Illuminate/Container/Container->make('files', Array)
#4 C:/Users/KAUAARIELSOUZAHUNGER/Desktop/HUMILHANDO-WILLIAN/back-end/vendor/laravel/framework/src/Illuminate/Container/Container.php(1454): Illuminate/Foundation/Application->make('files')
#5 C:/Users/KAUAARIELSOUZAHUNGER/Desktop/HUMILHANDO-WILLIAN/back-end/vendor/laravel/framework/src/Illuminate/Foundation/Application.php(1176): Illuminate/Container/Container->offsetGet('files')
#6 C:/Users/KAUAARIELSOUZAHUNGER/Desktop/HUMILHANDO-WILLIAN/back-end/vendor/laravel/sanctum/src/SanctumServiceProvider.php(82): Illuminate/Foundation/Application->routesAreCached()
#7 C:/Users/KAUAARIELSOUZAHUNGER/Desktop/HUMILHANDO-WILLIAN/back-end/vendor/laravel/sanctum/src/SanctumServiceProvider.php(58): Laravel/Sanctum/SanctumServiceProvider->defineRoutes()
#8 C:/Users/KAUAARIELSOUZAHUNGER/Desktop/HUMILHANDO-WILLIAN/back-end/vendor/laravel/framework/src/Illuminate/Container/BoundMethod.php(36): Laravel/Sanctum/SanctumServiceProvider->boot()
#9 C:/Users/KAUAARIELSOUZAHUNGER/Desktop/HUMILHANDO-WILLIAN/back-end/vendor/laravel/framework/src/Illuminate/Container/Util.php(41): Illuminate/Container/BoundMethod::Illuminate/Container/{closure}()
#10 C:/Users/KAUAARIELSOUZAHUNGER/Desktop/HUMILHANDO-WILLIAN/back-end/vendor/laravel/framework/src/Illuminate/Container/BoundMethod.php(93): Illuminate/Container/Util::unwrapIfClosure(Object(Closure))
#11 C:/Users/KAUAARIELSOUZAHUNGER/Desktop/HUMILHANDO-WILLIAN/back-end/vendor/laravel/framework/src/Illuminate/Container/BoundMethod.php(35): Illuminate/Container/BoundMethod::callBoundMethod(Object(Illuminate/Foundation/Application), Array, Object(Closure))
#12 C:/Users/KAUAARIELSOUZAHUNGER/Desktop/HUMILHANDO-WILLIAN/back-end/vendor/laravel/framework/src/Illuminate/Container/Container.php(662): Illuminate/Container/BoundMethod::call(Object(Illuminate/Foundation/Application), Array, Array, NULL)
#13 C:/Users/KAUAARIELSOUZAHUNGER/Desktop/HUMILHANDO-WILLIAN/back-end/vendor/laravel/framework/src/Illuminate/Foundation/Application.php(1059): Illuminate/Container/Container->call(Array)
#14 C:/Users/KAUAARIELSOUZAHUNGER/Desktop/HUMILHANDO-WILLIAN/back-end/vendor/laravel/framework/src/Illuminate/Foundation/Application.php(1040): Illuminate/Foundation/Application->bootProvider(Object(Laravel/Sanctum/SanctumServiceProvider))
#15 [internal function]: Illuminate/Foundation/Application->Illuminate/Foundation/{closure}(Object(Laravel/Sanctum/SanctumServiceProvider), 3)
#16 C:/Users/KAUAARIELSOUZAHUNGER/Desktop/HUMILHANDO-WILLIAN/back-end/vendor/laravel/framework/src/Illuminate/Foundation/Application.php(1039): array_walk(Array, Object(Closure))
#17 C:/Users/KAUAARIELSOUZAHUNGER/Desktop/HUMILHANDO-WILLIAN/back-end/vendor/laravel/framework/src/Illuminate/Foundation/Bootstrap/BootProviders.php(17): Illuminate/Foundation/Application->boot()
#18 C:/Users/KAUAARIELSOUZAHUNGER/Desktop/HUMILHANDO-WILLIAN/back-end/vendor/laravel/framework/src/Illuminate/Foundation/Application.php(286): Illuminate/Foundation/Bootstrap/BootProviders->bootstrap(Object(Illuminate/Foundation/Application))
#19 C:/Users/KAUAARIELSOUZAHUNGER/Desktop/HUMILHANDO-WILLIAN/back-end/vendor/laravel/framework/src/Illuminate/Foundation/Console/Kernel.php(447): Illuminate/Foundation/Application->bootstrapWith(Array)
#20 C:/Users/KAUAARIELSOUZAHUNGER/Desktop/HUMILHANDO-WILLIAN/back-end/vendor/laravel/framework/src/Illuminate/Foundation/Console/Kernel.php(199): Illuminate/Foundation/Console/Kernel->bootstrap()
#21 C:/Users/KAUAARIELSOUZAHUNGER/Desktop/HUMILHANDO-WILLIAN/back-end/artisan(12): Illuminate/Foundation/Console/Kernel->handle(Object(Symfony/Component/Console/Input/ArgvInput), Object(Symfony/Component/Console/Output/ConsoleOutput))
#22 {main}

[previous exception] [object] (ReflectionException(code: -1): Class \"files\" does not exist at C:/Users/KAUAARIELSOUZAHUNGER/Desktop/HUMILHANDO-WILLIAN/back-end/vendor/laravel/framework/src/Illuminate/Container/Container.php:912)
[stacktrace]
#0 C:/Users/KAUAARIELSOUZAHUNGER/Desktop/HUMILHANDO-WILLIAN/back-end/vendor/laravel/framework/src/Illuminate/Container/Container.php(912): ReflectionClass->__construct('files')
#1 C:/Users/KAUAARIELSOUZAHUNGER/Desktop/HUMILHANDO-WILLIAN/back-end/vendor/laravel/framework/src/Illuminate/Container/Container.php(795): Illuminate/Container/Container->build('files')
#2 C:/Users/KAUAARIELSOUZAHUNGER/Desktop/HUMILHANDO-WILLIAN/back-end/vendor/laravel/framework/src/Illuminate/Foundation/Application.php(986): Illuminate/Container/Container->resolve('files', Array, true)
#3 C:/Users/KAUAARIELSOUZAHUNGER/Desktop/HUMILHANDO-WILLIAN/back-end/vendor/laravel/framework/src/Illuminate/Container/Container.php(731): Illuminate/Foundation/Application->resolve('files', Array)
#4 C:/Users/KAUAARIELSOUZAHUNGER/Desktop/HUMILHANDO-WILLIAN/back-end/vendor/laravel/framework/src/Illuminate/Foundation/Application.php(971): Illuminate/Container/Container->make('files', Array)
#5 C:/Users/KAUAARIELSOUZAHUNGER/Desktop/HUMILHANDO-WILLIAN/back-end/vendor/laravel/framework/src/Illuminate/Container/Container.php(1454): Illuminate/Foundation/Application->make('files')
#6 C:/Users/KAUAARIELSOUZAHUNGER/Desktop/HUMILHANDO-WILLIAN/back-end/vendor/laravel/framework/src/Illuminate/Foundation/Application.php(1176): Illuminate/Container/Container->offsetGet('files')
#7 C:/Users/KAUAARIELSOUZAHUNGER/Desktop/HUMILHANDO-WILLIAN/back-end/vendor/laravel/sanctum/src/SanctumServiceProvider.php(82): Illuminate/Foundation/Application->routesAreCached()
#8 C:/Users/KAUAARIELSOUZAHUNGER/Desktop/HUMILHANDO-WILLIAN/back-end/vendor/laravel/sanctum/src/SanctumServiceProvider.php(58): Laravel/Sanctum/SanctumServiceProvider->defineRoutes()
#9 C:/Users/KAUAARIELSOUZAHUNGER/Desktop/HUMILHANDO-WILLIAN/back-end/vendor/laravel/framework/src/Illuminate/Container/BoundMethod.php(36): Laravel/Sanctum/SanctumServiceProvider->boot()
#10 C:/Users/KAUAARIELSOUZAHUNGER/Desktop/HUMILHANDO-WILLIAN/back-end/vendor/laravel/framework/src/Illuminate/Container/Util.php(41): Illuminate/Container/BoundMethod::Illuminate/Container/{closure}()
#11 C:/Users/KAUAARIELSOUZAHUNGER/Desktop/HUMILHANDO-WILLIAN/back-end/vendor/laravel/framework/src/Illuminate/Container/BoundMethod.php(93): Illuminate/Container/Util::unwrapIfClosure(Object(Closure))
#12 C:/Users/KAUAARIELSOUZAHUNGER/Desktop/HUMILHANDO-WILLIAN/back-end/vendor/laravel/framework/src/Illuminate/Container/BoundMethod.php(35): Illuminate/Container/BoundMethod::callBoundMethod(Object(Illuminate/Foundation/Application), Array, Object(Closure))
#13 C:/Users/KAUAARIELSOUZAHUNGER/Desktop/HUMILHANDO-WILLIAN/back-end/vendor/laravel/framework/src/Illuminate/Container/Container.php(662): Illuminate/Container/BoundMethod::call(Object(Illuminate/Foundation/Application), Array, Array, NULL)
#14 C:/Users/KAUAARIELSOUZAHUNGER/Desktop/HUMILHANDO-WILLIAN/back-end/vendor/laravel/framework/src/Illuminate/Foundation/Application.php(1059): Illuminate/Container/Container->call(Array)
#15 C:/Users/KAUAARIELSOUZAHUNGER/Desktop/HUMILHANDO-WILLIAN/back-end/vendor/laravel/framework/src/Illuminate/Foundation/Application.php(1040): Illuminate/Foundation/Application->bootProvider(Object(Laravel/Sanctum/SanctumServiceProvider))
#16 [internal function]: Illuminate/Foundation/Application->Illuminate/Foundation/{closure}(Object(Laravel/Sanctum/SanctumServiceProvider), 3)
#17 C:/Users/KAUAARIELSOUZAHUNGER/Desktop/HUMILHANDO-WILLIAN/back-end/vendor/laravel/framework/src/Illuminate/Foundation/Application.php(1039): array_walk(Array, Object(Closure))
#18 C:/Users/KAUAARIELSOUZAHUNGER/Desktop/HUMILHANDO-WILLIAN/back-end/vendor/laravel/framework/src/Illuminate/Foundation/Bootstrap/BootProviders.php(17): Illuminate/Foundation/Application->boot()
#19 C:/Users/KAUAARIELSOUZAHUNGER/Desktop/HUMILHANDO-WILLIAN/back-end/vendor/laravel/framework/src/Illuminate/Foundation/Application.php(286): Illuminate/Foundation/Bootstrap/BootProviders->bootstrap(Object(Illuminate/Foundation/Application))
#20 C:/Users/KAUAARIELSOUZAHUNGER/Desktop/HUMILHANDO-WILLIAN/back-end/vendor/laravel/framework/src/Illuminate/Foundation/Console/Kernel.php(447): Illuminate/Foundation/Application->bootstrapWith(Array)
#21 C:/Users/KAUAARIELSOUZAHUNGER/Desktop/HUMILHANDO-WILLIAN/back-end/vendor/laravel/framework/src/Illuminate/Foundation/Console/Kernel.php(199): Illuminate/Foundation/Console/Kernel->bootstrap()
#22 C:/Users/KAUAARIELSOUZAHUNGER/Desktop/HUMILHANDO-WILLIAN/back-end/artisan(12): Illuminate/Foundation/Console/Kernel->handle(Object(Symfony/Component/Console/Input/ArgvInput), Object(Symfony/Component/Console/Output/ConsoleOutput))
#23 {main}
"} 
[2026-02-09 23:05:24] laravel.EMERGENCY: Unable to create configured logger. Using emergency logger. {"exception":"[object] (InvalidArgumentException(code: 0): Log [] is not defined. at C:/Users/KAUAARIELSOUZAHUNGER/Desktop/HUMILHANDO-WILLIAN/back-end/vendor/laravel/framework/src/Illuminate/Log/LogManager.php:212)
[stacktrace]
#0 C:/Users/KAUAARIELSOUZAHUNGER/Desktop/HUMILHANDO-WILLIAN/back-end/vendor/laravel/framework/src/Illuminate/Log/LogManager.php(137): Illuminate/Log/LogManager->resolve(NULL, NULL)
#1 C:/Users/KAUAARIELSOUZAHUNGER/Desktop/HUMILHANDO-WILLIAN/back-end/vendor/laravel/framework/src/Illuminate/Log/LogManager.php(124): Illuminate/Log/LogManager->get(NULL)
#2 C:/Users/KAUAARIELSOUZAHUNGER/Desktop/HUMILHANDO-WILLIAN/back-end/vendor/laravel/framework/src/Illuminate/Log/LogManager.php(681): Illuminate/Log/LogManager->driver()
#3 C:/Users/KAUAARIELSOUZAHUNGER/Desktop/HUMILHANDO-WILLIAN/back-end/vendor/laravel/framework/src/Illuminate/Foundation/Exceptions/Handler.php(317): Illuminate/Log/LogManager->error('Target class [f...', Array)
#4 C:/Users/KAUAARIELSOUZAHUNGER/Desktop/HUMILHANDO-WILLIAN/back-end/vendor/laravel/framework/src/Illuminate/Foundation/Exceptions/Handler.php(278): Illuminate/Foundation/Exceptions/Handler->reportThrowable(Object(Illuminate/Contracts/Container/BindingResolutionException))
#5 C:/Users/KAUAARIELSOUZAHUNGER/Desktop/HUMILHANDO-WILLIAN/back-end/vendor/laravel/framework/src/Illuminate/Foundation/Console/Kernel.php(523): Illuminate/Foundation/Exceptions/Handler->report(Object(Illuminate/Contracts/Container/BindingResolutionException))
#6 C:/Users/KAUAARIELSOUZAHUNGER/Desktop/HUMILHANDO-WILLIAN/back-end/vendor/laravel/framework/src/Illuminate/Foundation/Console/Kernel.php(203): Illuminate/Foundation/Console/Kernel->reportException(Object(Illuminate/Contracts/Container/BindingResolutionException))
#7 C:/Users/KAUAARIELSOUZAHUNGER/Desktop/HUMILHANDO-WILLIAN/back-end/artisan(12): Illuminate/Foundation/Console/Kernel->handle(Object(Symfony/Component/Console/Input/ArgvInput), Object(Symfony/Component/Console/Output/ConsoleOutput))
#8 {main}
"} 
[2026-02-09 23:05:24] laravel.ERROR: Target class [files] does not exist. {"exception":"[object] (Illuminate\\Contracts\\Container\\BindingResolutionException(code: 0): Target class [files] does not exist. at C:/Users/KAUAARIELSOUZAHUNGER/Desktop/HUMILHANDO-WILLIAN/back-end/vendor/laravel/framework/src/Illuminate/Container/Container.php:914)
[stacktrace]
#0 C:/Users/KAUAARIELSOUZAHUNGER/Desktop/HUMILHANDO-WILLIAN/back-end/vendor/laravel/framework/src/Illuminate/Container/Container.php(795): Illuminate/Container/Container->build('files')
#1 C:/Users/KAUAARIELSOUZAHUNGER/Desktop/HUMILHANDO-WILLIAN/back-end/vendor/laravel/framework/src/Illuminate/Foundation/Application.php(986): Illuminate/Container/Container->resolve('files', Array, true)
#2 C:/Users/KAUAARIELSOUZAHUNGER/Desktop/HUMILHANDO-WILLIAN/back-end/vendor/laravel/framework/src/Illuminate/Container/Container.php(731): Illuminate/Foundation/Application->resolve('files', Array)
#3 C:/Users/KAUAARIELSOUZAHUNGER/Desktop/HUMILHANDO-WILLIAN/back-end/vendor/laravel/framework/src/Illuminate/Foundation/Application.php(971): Illuminate/Container/Container->make('files', Array)
#4 C:/Users/KAUAARIELSOUZAHUNGER/Desktop/HUMILHANDO-WILLIAN/back-end/vendor/laravel/framework/src/Illuminate/Container/Container.php(1454): Illuminate/Foundation/Application->make('files')
#5 C:/Users/KAUAARIELSOUZAHUNGER/Desktop/HUMILHANDO-WILLIAN/back-end/vendor/laravel/framework/src/Illuminate/Foundation/Application.php(1176): Illuminate/Container/Container->offsetGet('files')
#6 C:/Users/KAUAARIELSOUZAHUNGER/Desktop/HUMILHANDO-WILLIAN/back-end/vendor/laravel/sanctum/src/SanctumServiceProvider.php(82): Illuminate/Foundation/Application->routesAreCached()
#7 C:/Users/KAUAARIELSOUZAHUNGER/Desktop/HUMILHANDO-WILLIAN/back-end/vendor/laravel/sanctum/src/SanctumServiceProvider.php(58): Laravel/Sanctum/SanctumServiceProvider->defineRoutes()
#8 C:/Users/KAUAARIELSOUZAHUNGER/Desktop/HUMILHANDO-WILLIAN/back-end/vendor/laravel/framework/src/Illuminate/Container/BoundMethod.php(36): Laravel/Sanctum/SanctumServiceProvider->boot()
#9 C:/Users/KAUAARIELSOUZAHUNGER/Desktop/HUMILHANDO-WILLIAN/back-end/vendor/laravel/framework/src/Illuminate/Container/Util.php(41): Illuminate/Container/BoundMethod::Illuminate/Container/{closure}()
#10 C:/Users/KAUAARIELSOUZAHUNGER/Desktop/HUMILHANDO-WILLIAN/back-end/vendor/laravel/framework/src/Illuminate/Container/BoundMethod.php(93): Illuminate/Container/Util::unwrapIfClosure(Object(Closure))
#11 C:/Users/KAUAARIELSOUZAHUNGER/Desktop/HUMILHANDO-WILLIAN/back-end/vendor/laravel/framework/src/Illuminate/Container/BoundMethod.php(35): Illuminate/Container/BoundMethod::callBoundMethod(Object(Illuminate/Foundation/Application), Array, Object(Closure))
#12 C:/Users/KAUAARIELSOUZAHUNGER/Desktop/HUMILHANDO-WILLIAN/back-end/vendor/laravel/framework/src/Illuminate/Container/Container.php(662): Illuminate/Container/BoundMethod::call(Object(Illuminate/Foundation/Application), Array, Array, NULL)
#13 C:/Users/KAUAARIELSOUZAHUNGER/Desktop/HUMILHANDO-WILLIAN/back-end/vendor/laravel/framework/src/Illuminate/Foundation/Application.php(1059): Illuminate/Container/Container->call(Array)
#14 C:/Users/KAUAARIELSOUZAHUNGER/Desktop/HUMILHANDO-WILLIAN/back-end/vendor/laravel/framework/src/Illuminate/Foundation/Application.php(1040): Illuminate/Foundation/Application->bootProvider(Object(Laravel/Sanctum/SanctumServiceProvider))
#15 [internal function]: Illuminate/Foundation/Application->Illuminate/Foundation/{closure}(Object(Laravel/Sanctum/SanctumServiceProvider), 3)
#16 C:/Users/KAUAARIELSOUZAHUNGER/Desktop/HUMILHANDO-WILLIAN/back-end/vendor/laravel/framework/src/Illuminate/Foundation/Application.php(1039): array_walk(Array, Object(Closure))
#17 C:/Users/KAUAARIELSOUZAHUNGER/Desktop/HUMILHANDO-WILLIAN/back-end/vendor/laravel/framework/src/Illuminate/Foundation/Bootstrap/BootProviders.php(17): Illuminate/Foundation/Application->boot()
#18 C:/Users/KAUAARIELSOUZAHUNGER/Desktop/HUMILHANDO-WILLIAN/back-end/vendor/laravel/framework/src/Illuminate/Foundation/Application.php(286): Illuminate/Foundation/Bootstrap/BootProviders->bootstrap(Object(Illuminate/Foundation/Application))
#19 C:/Users/KAUAARIELSOUZAHUNGER/Desktop/HUMILHANDO-WILLIAN/back-end/vendor/laravel/framework/src/Illuminate/Foundation/Console/Kernel.php(447): Illuminate/Foundation/Application->bootstrapWith(Array)
#20 C:/Users/KAUAARIELSOUZAHUNGER/Desktop/HUMILHANDO-WILLIAN/back-end/vendor/laravel/framework/src/Illuminate/Foundation/Console/Kernel.php(199): Illuminate/Foundation/Console/Kernel->bootstrap()
#21 C:/Users/KAUAARIELSOUZAHUNGER/Desktop/HUMILHANDO-WILLIAN/back-end/artisan(12): Illuminate/Foundation/Console/Kernel->handle(Object(Symfony/Component/Console/Input/ArgvInput), Object(Symfony/Component/Console/Output/ConsoleOutput))
#22 {main}

[previous exception] [object] (ReflectionException(code: -1): Class \"files\" does not exist at C:/Users/KAUAARIELSOUZAHUNGER/Desktop/HUMILHANDO-WILLIAN/back-end/vendor/laravel/framework/src/Illuminate/Container/Container.php:912)
[stacktrace]
#0 C:/Users/KAUAARIELSOUZAHUNGER/Desktop/HUMILHANDO-WILLIAN/back-end/vendor/laravel/framework/src/Illuminate/Container/Container.php(912): ReflectionClass->__construct('files')
#1 C:/Users/KAUAARIELSOUZAHUNGER/Desktop/HUMILHANDO-WILLIAN/back-end/vendor/laravel/framework/src/Illuminate/Container/Container.php(795): Illuminate/Container/Container->build('files')
#2 C:/Users/KAUAARIELSOUZAHUNGER/Desktop/HUMILHANDO-WILLIAN/back-end/vendor/laravel/framework/src/Illuminate/Foundation/Application.php(986): Illuminate/Container/Container->resolve('files', Array, true)
#3 C:/Users/KAUAARIELSOUZAHUNGER/Desktop/HUMILHANDO-WILLIAN/back-end/vendor/laravel/framework/src/Illuminate/Container/Container.php(731): Illuminate/Foundation/Application->resolve('files', Array)
#4 C:/Users/KAUAARIELSOUZAHUNGER/Desktop/HUMILHANDO-WILLIAN/back-end/vendor/laravel/framework/src/Illuminate/Foundation/Application.php(971): Illuminate/Container/Container->make('files', Array)
#5 C:/Users/KAUAARIELSOUZAHUNGER/Desktop/HUMILHANDO-WILLIAN/back-end/vendor/laravel/framework/src/Illuminate/Container/Container.php(1454): Illuminate/Foundation/Application->make('files')
#6 C:/Users/KAUAARIELSOUZAHUNGER/Desktop/HUMILHANDO-WILLIAN/back-end/vendor/laravel/framework/src/Illuminate/Foundation/Application.php(1176): Illuminate/Container/Container->offsetGet('files')
#7 C:/Users/KAUAARIELSOUZAHUNGER/Desktop/HUMILHANDO-WILLIAN/back-end/vendor/laravel/sanctum/src/SanctumServiceProvider.php(82): Illuminate/Foundation/Application->routesAreCached()
#8 C:/Users/KAUAARIELSOUZAHUNGER/Desktop/HUMILHANDO-WILLIAN/back-end/vendor/laravel/sanctum/src/SanctumServiceProvider.php(58): Laravel/Sanctum/SanctumServiceProvider->defineRoutes()
#9 C:/Users/KAUAARIELSOUZAHUNGER/Desktop/HUMILHANDO-WILLIAN/back-end/vendor/laravel/framework/src/Illuminate/Container/BoundMethod.php(36): Laravel/Sanctum/SanctumServiceProvider->boot()
#10 C:/Users/KAUAARIELSOUZAHUNGER/Desktop/HUMILHANDO-WILLIAN/back-end/vendor/laravel/framework/src/Illuminate/Container/Util.php(41): Illuminate/Container/BoundMethod::Illuminate/Container/{closure}()
#11 C:/Users/KAUAARIELSOUZAHUNGER/Desktop/HUMILHANDO-WILLIAN/back-end/vendor/laravel/framework/src/Illuminate/Container/BoundMethod.php(93): Illuminate/Container/Util::unwrapIfClosure(Object(Closure))
#12 C:/Users/KAUAARIELSOUZAHUNGER/Desktop/HUMILHANDO-WILLIAN/back-end/vendor/laravel/framework/src/Illuminate/Container/BoundMethod.php(35): Illuminate/Container/BoundMethod::callBoundMethod(Object(Illuminate/Foundation/Application), Array, Object(Closure))
#13 C:/Users/KAUAARIELSOUZAHUNGER/Desktop/HUMILHANDO-WILLIAN/back-end/vendor/laravel/framework/src/Illuminate/Container/Container.php(662): Illuminate/Container/BoundMethod::call(Object(Illuminate/Foundation/Application), Array, Array, NULL)
#14 C:/Users/KAUAARIELSOUZAHUNGER/Desktop/HUMILHANDO-WILLIAN/back-end/vendor/laravel/framework/src/Illuminate/Foundation/Application.php(1059): Illuminate/Container/Container->call(Array)
#15 C:/Users/KAUAARIELSOUZAHUNGER/Desktop/HUMILHANDO-WILLIAN/back-end/vendor/laravel/framework/src/Illuminate/Foundation/Application.php(1040): Illuminate/Foundation/Application->bootProvider(Object(Laravel/Sanctum/SanctumServiceProvider))
#16 [internal function]: Illuminate/Foundation/Application->Illuminate/Foundation/{closure}(Object(Laravel/Sanctum/SanctumServiceProvider), 3)
#17 C:/Users/KAUAARIELSOUZAHUNGER/Desktop/HUMILHANDO-WILLIAN/back-end/vendor/laravel/framework/src/Illuminate/Foundation/Application.php(1039): array_walk(Array, Object(Closure))
#18 C:/Users/KAUAARIELSOUZAHUNGER/Desktop/HUMILHANDO-WILLIAN/back-end/vendor/laravel/framework/src/Illuminate/Foundation/Bootstrap/BootProviders.php(17): Illuminate/Foundation/Application->boot()
#19 C:/Users/KAUAARIELSOUZAHUNGER/Desktop/HUMILHANDO-WILLIAN/back-end/vendor/laravel/framework/src/Illuminate/Foundation/Application.php(286): Illuminate/Foundation/Bootstrap/BootProviders->bootstrap(Object(Illuminate/Foundation/Application))
#20 C:/Users/KAUAARIELSOUZAHUNGER/Desktop/HUMILHANDO-WILLIAN/back-end/vendor/laravel/framework/src/Illuminate/Foundation/Console/Kernel.php(447): Illuminate/Foundation/Application->bootstrapWith(Array)
#21 C:/Users/KAUAARIELSOUZAHUNGER/Desktop/HUMILHANDO-WILLIAN/back-end/vendor/laravel/framework/src/Illuminate/Foundation/Console/Kernel.php(199): Illuminate/Foundation/Console/Kernel->bootstrap()
#22 C:/Users/KAUAARIELSOUZAHUNGER/Desktop/HUMILHANDO-WILLIAN/back-end/artisan(12): Illuminate/Foundation/Console/Kernel->handle(Object(Symfony/Component/Console/Input/ArgvInput), Object(Symfony/Component/Console/Output/ConsoleOutput))
#23 {main}
"} 
[2026-02-09 23:05:57] laravel.EMERGENCY: Unable to create configured logger. Using emergency logger. {"exception":"[object] (InvalidArgumentException(code: 0): Log [] is not defined. at C:/Users/KAUAARIELSOUZAHUNGER/Desktop/HUMILHANDO-WILLIAN/back-end/vendor/laravel/framework/src/Illuminate/Log/LogManager.php:212)
[stacktrace]
#0 C:/Users/KAUAARIELSOUZAHUNGER/Desktop/HUMILHANDO-WILLIAN/back-end/vendor/laravel/framework/src/Illuminate/Log/LogManager.php(137): Illuminate/Log/LogManager->resolve(NULL, NULL)
#1 C:/Users/KAUAARIELSOUZAHUNGER/Desktop/HUMILHANDO-WILLIAN/back-end/vendor/laravel/framework/src/Illuminate/Log/LogManager.php(124): Illuminate/Log/LogManager->get(NULL)
#2 C:/Users/KAUAARIELSOUZAHUNGER/Desktop/HUMILHANDO-WILLIAN/back-end/vendor/laravel/framework/src/Illuminate/Log/LogManager.php(681): Illuminate/Log/LogManager->driver()
#3 C:/Users/KAUAARIELSOUZAHUNGER/Desktop/HUMILHANDO-WILLIAN/back-end/vendor/laravel/framework/src/Illuminate/Foundation/Exceptions/Handler.php(317): Illuminate/Log/LogManager->error('Target class [f...', Array)
#4 C:/Users/KAUAARIELSOUZAHUNGER/Desktop/HUMILHANDO-WILLIAN/back-end/vendor/laravel/framework/src/Illuminate/Foundation/Exceptions/Handler.php(278): Illuminate/Foundation/Exceptions/Handler->reportThrowable(Object(Illuminate/Contracts/Container/BindingResolutionException))
#5 C:/Users/KAUAARIELSOUZAHUNGER/Desktop/HUMILHANDO-WILLIAN/back-end/vendor/laravel/framework/src/Illuminate/Foundation/Console/Kernel.php(523): Illuminate/Foundation/Exceptions/Handler->report(Object(Illuminate/Contracts/Container/BindingResolutionException))
#6 C:/Users/KAUAARIELSOUZAHUNGER/Desktop/HUMILHANDO-WILLIAN/back-end/vendor/laravel/framework/src/Illuminate/Foundation/Console/Kernel.php(203): Illuminate/Foundation/Console/Kernel->reportException(Object(Illuminate/Contracts/Container/BindingResolutionException))
#7 C:/Users/KAUAARIELSOUZAHUNGER/Desktop/HUMILHANDO-WILLIAN/back-end/artisan(12): Illuminate/Foundation/Console/Kernel->handle(Object(Symfony/Component/Console/Input/ArgvInput), Object(Symfony/Component/Console/Output/ConsoleOutput))
#8 {main}
"} 
[2026-02-09 23:05:57] laravel.ERROR: Target class [files] does not exist. {"exception":"[object] (Illuminate\\Contracts\\Container\\BindingResolutionException(code: 0): Target class [files] does not exist. at C:/Users/KAUAARIELSOUZAHUNGER/Desktop/HUMILHANDO-WILLIAN/back-end/vendor/laravel/framework/src/Illuminate/Container/Container.php:914)
[stacktrace]
#0 C:/Users/KAUAARIELSOUZAHUNGER/Desktop/HUMILHANDO-WILLIAN/back-end/vendor/laravel/framework/src/Illuminate/Container/Container.php(795): Illuminate/Container/Container->build('files')
#1 C:/Users/KAUAARIELSOUZAHUNGER/Desktop/HUMILHANDO-WILLIAN/back-end/vendor/laravel/framework/src/Illuminate/Foundation/Application.php(986): Illuminate/Container/Container->resolve('files', Array, true)
#2 C:/Users/KAUAARIELSOUZAHUNGER/Desktop/HUMILHANDO-WILLIAN/back-end/vendor/laravel/framework/src/Illuminate/Container/Container.php(731): Illuminate/Foundation/Application->resolve('files', Array)
#3 C:/Users/KAUAARIELSOUZAHUNGER/Desktop/HUMILHANDO-WILLIAN/back-end/vendor/laravel/framework/src/Illuminate/Foundation/Application.php(971): Illuminate/Container/Container->make('files', Array)
#4 C:/Users/KAUAARIELSOUZAHUNGER/Desktop/HUMILHANDO-WILLIAN/back-end/vendor/laravel/framework/src/Illuminate/Container/Container.php(1454): Illuminate/Foundation/Application->make('files')
#5 C:/Users/KAUAARIELSOUZAHUNGER/Desktop/HUMILHANDO-WILLIAN/back-end/vendor/laravel/framework/src/Illuminate/Foundation/Application.php(1176): Illuminate/Container/Container->offsetGet('files')
#6 C:/Users/KAUAARIELSOUZAHUNGER/Desktop/HUMILHANDO-WILLIAN/back-end/vendor/laravel/sanctum/src/SanctumServiceProvider.php(82): Illuminate/Foundation/Application->routesAreCached()
#7 C:/Users/KAUAARIELSOUZAHUNGER/Desktop/HUMILHANDO-WILLIAN/back-end/vendor/laravel/sanctum/src/SanctumServiceProvider.php(58): Laravel/Sanctum/SanctumServiceProvider->defineRoutes()
#8 C:/Users/KAUAARIELSOUZAHUNGER/Desktop/HUMILHANDO-WILLIAN/back-end/vendor/laravel/framework/src/Illuminate/Container/BoundMethod.php(36): Laravel/Sanctum/SanctumServiceProvider->boot()
#9 C:/Users/KAUAARIELSOUZAHUNGER/Desktop/HUMILHANDO-WILLIAN/back-end/vendor/laravel/framework/src/Illuminate/Container/Util.php(41): Illuminate/Container/BoundMethod::Illuminate/Container/{closure}()
#10 C:/Users/KAUAARIELSOUZAHUNGER/Desktop/HUMILHANDO-WILLIAN/back-end/vendor/laravel/framework/src/Illuminate/Container/BoundMethod.php(93): Illuminate/Container/Util::unwrapIfClosure(Object(Closure))
#11 C:/Users/KAUAARIELSOUZAHUNGER/Desktop/HUMILHANDO-WILLIAN/back-end/vendor/laravel/framework/src/Illuminate/Container/BoundMethod.php(35): Illuminate/Container/BoundMethod::callBoundMethod(Object(Illuminate/Foundation/Application), Array, Object(Closure))
#12 C:/Users/KAUAARIELSOUZAHUNGER/Desktop/HUMILHANDO-WILLIAN/back-end/vendor/laravel/framework/src/Illuminate/Container/Container.php(662): Illuminate/Container/BoundMethod::call(Object(Illuminate/Foundation/Application), Array, Array, NULL)
#13 C:/Users/KAUAARIELSOUZAHUNGER/Desktop/HUMILHANDO-WILLIAN/back-end/vendor/laravel/framework/src/Illuminate/Foundation/Application.php(1059): Illuminate/Container/Container->call(Array)
#14 C:/Users/KAUAARIELSOUZAHUNGER/Desktop/HUMILHANDO-WILLIAN/back-end/vendor/laravel/framework/src/Illuminate/Foundation/Application.php(1040): Illuminate/Foundation/Application->bootProvider(Object(Laravel/Sanctum/SanctumServiceProvider))
#15 [internal function]: Illuminate/Foundation/Application->Illuminate/Foundation/{closure}(Object(Laravel/Sanctum/SanctumServiceProvider), 3)
#16 C:/Users/KAUAARIELSOUZAHUNGER/Desktop/HUMILHANDO-WILLIAN/back-end/vendor/laravel/framework/src/Illuminate/Foundation/Application.php(1039): array_walk(Array, Object(Closure))
#17 C:/Users/KAUAARIELSOUZAHUNGER/Desktop/HUMILHANDO-WILLIAN/back-end/vendor/laravel/framework/src/Illuminate/Foundation/Bootstrap/BootProviders.php(17): Illuminate/Foundation/Application->boot()
#18 C:/Users/KAUAARIELSOUZAHUNGER/Desktop/HUMILHANDO-WILLIAN/back-end/vendor/laravel/framework/src/Illuminate/Foundation/Application.php(286): Illuminate/Foundation/Bootstrap/BootProviders->bootstrap(Object(Illuminate/Foundation/Application))
#19 C:/Users/KAUAARIELSOUZAHUNGER/Desktop/HUMILHANDO-WILLIAN/back-end/vendor/laravel/framework/src/Illuminate/Foundation/Console/Kernel.php(447): Illuminate/Foundation/Application->bootstrapWith(Array)
#20 C:/Users/KAUAARIELSOUZAHUNGER/Desktop/HUMILHANDO-WILLIAN/back-end/vendor/laravel/framework/src/Illuminate/Foundation/Console/Kernel.php(199): Illuminate/Foundation/Console/Kernel->bootstrap()
#21 C:/Users/KAUAARIELSOUZAHUNGER/Desktop/HUMILHANDO-WILLIAN/back-end/artisan(12): Illuminate/Foundation/Console/Kernel->handle(Object(Symfony/Component/Console/Input/ArgvInput), Object(Symfony/Component/Console/Output/ConsoleOutput))
#22 {main}

[previous exception] [object] (ReflectionException(code: -1): Class \"files\" does not exist at C:/Users/KAUAARIELSOUZAHUNGER/Desktop/HUMILHANDO-WILLIAN/back-end/vendor/laravel/framework/src/Illuminate/Container/Container.php:912)
[stacktrace]
#0 C:/Users/KAUAARIELSOUZAHUNGER/Desktop/HUMILHANDO-WILLIAN/back-end/vendor/laravel/framework/src/Illuminate/Container/Container.php(912): ReflectionClass->__construct('files')
#1 C:/Users/KAUAARIELSOUZAHUNGER/Desktop/HUMILHANDO-WILLIAN/back-end/vendor/laravel/framework/src/Illuminate/Container/Container.php(795): Illuminate/Container/Container->build('files')
#2 C:/Users/KAUAARIELSOUZAHUNGER/Desktop/HUMILHANDO-WILLIAN/back-end/vendor/laravel/framework/src/Illuminate/Foundation/Application.php(986): Illuminate/Container/Container->resolve('files', Array, true)
#3 C:/Users/KAUAARIELSOUZAHUNGER/Desktop/HUMILHANDO-WILLIAN/back-end/vendor/laravel/framework/src/Illuminate/Container/Container.php(731): Illuminate/Foundation/Application->resolve('files', Array)
#4 C:/Users/KAUAARIELSOUZAHUNGER/Desktop/HUMILHANDO-WILLIAN/back-end/vendor/laravel/framework/src/Illuminate/Foundation/Application.php(971): Illuminate/Container/Container->make('files', Array)
#5 C:/Users/KAUAARIELSOUZAHUNGER/Desktop/HUMILHANDO-WILLIAN/back-end/vendor/laravel/framework/src/Illuminate/Container/Container.php(1454): Illuminate/Foundation/Application->make('files')
#6 C:/Users/KAUAARIELSOUZAHUNGER/Desktop/HUMILHANDO-WILLIAN/back-end/vendor/laravel/framework/src/Illuminate/Foundation/Application.php(1176): Illuminate/Container/Container->offsetGet('files')
#7 C:/Users/KAUAARIELSOUZAHUNGER/Desktop/HUMILHANDO-WILLIAN/back-end/vendor/laravel/sanctum/src/SanctumServiceProvider.php(82): Illuminate/Foundation/Application->routesAreCached()
#8 C:/Users/KAUAARIELSOUZAHUNGER/Desktop/HUMILHANDO-WILLIAN/back-end/vendor/laravel/sanctum/src/SanctumServiceProvider.php(58): Laravel/Sanctum/SanctumServiceProvider->defineRoutes()
#9 C:/Users/KAUAARIELSOUZAHUNGER/Desktop/HUMILHANDO-WILLIAN/back-end/vendor/laravel/framework/src/Illuminate/Container/BoundMethod.php(36): Laravel/Sanctum/SanctumServiceProvider->boot()
#10 C:/Users/KAUAARIELSOUZAHUNGER/Desktop/HUMILHANDO-WILLIAN/back-end/vendor/laravel/framework/src/Illuminate/Container/Util.php(41): Illuminate/Container/BoundMethod::Illuminate/Container/{closure}()
#11 C:/Users/KAUAARIELSOUZAHUNGER/Desktop/HUMILHANDO-WILLIAN/back-end/vendor/laravel/framework/src/Illuminate/Container/BoundMethod.php(93): Illuminate/Container/Util::unwrapIfClosure(Object(Closure))
#12 C:/Users/KAUAARIELSOUZAHUNGER/Desktop/HUMILHANDO-WILLIAN/back-end/vendor/laravel/framework/src/Illuminate/Container/BoundMethod.php(35): Illuminate/Container/BoundMethod::callBoundMethod(Object(Illuminate/Foundation/Application), Array, Object(Closure))
#13 C:/Users/KAUAARIELSOUZAHUNGER/Desktop/HUMILHANDO-WILLIAN/back-end/vendor/laravel/framework/src/Illuminate/Container/Container.php(662): Illuminate/Container/BoundMethod::call(Object(Illuminate/Foundation/Application), Array, Array, NULL)
#14 C:/Users/KAUAARIELSOUZAHUNGER/Desktop/HUMILHANDO-WILLIAN/back-end/vendor/laravel/framework/src/Illuminate/Foundation/Application.php(1059): Illuminate/Container/Container->call(Array)
#15 C:/Users/KAUAARIELSOUZAHUNGER/Desktop/HUMILHANDO-WILLIAN/back-end/vendor/laravel/framework/src/Illuminate/Foundation/Application.php(1040): Illuminate/Foundation/Application->bootProvider(Object(Laravel/Sanctum/SanctumServiceProvider))
#16 [internal function]: Illuminate/Foundation/Application->Illuminate/Foundation/{closure}(Object(Laravel/Sanctum/SanctumServiceProvider), 3)
#17 C:/Users/KAUAARIELSOUZAHUNGER/Desktop/HUMILHANDO-WILLIAN/back-end/vendor/laravel/framework/src/Illuminate/Foundation/Application.php(1039): array_walk(Array, Object(Closure))
#18 C:/Users/KAUAARIELSOUZAHUNGER/Desktop/HUMILHANDO-WILLIAN/back-end/vendor/laravel/framework/src/Illuminate/Foundation/Bootstrap/BootProviders.php(17): Illuminate/Foundation/Application->boot()
#19 C:/Users/KAUAARIELSOUZAHUNGER/Desktop/HUMILHANDO-WILLIAN/back-end/vendor/laravel/framework/src/Illuminate/Foundation/Application.php(286): Illuminate/Foundation/Bootstrap/BootProviders->bootstrap(Object(Illuminate/Foundation/Application))
#20 C:/Users/KAUAARIELSOUZAHUNGER/Desktop/HUMILHANDO-WILLIAN/back-end/vendor/laravel/framework/src/Illuminate/Foundation/Console/Kernel.php(447): Illuminate/Foundation/Application->bootstrapWith(Array)
#21 C:/Users/KAUAARIELSOUZAHUNGER/Desktop/HUMILHANDO-WILLIAN/back-end/vendor/laravel/framework/src/Illuminate/Foundation/Console/Kernel.php(199): Illuminate/Foundation/Console/Kernel->bootstrap()
#22 C:/Users/KAUAARIELSOUZAHUNGER/Desktop/HUMILHANDO-WILLIAN/back-end/artisan(12): Illuminate/Foundation/Console/Kernel->handle(Object(Symfony/Component/Console/Input/ArgvInput), Object(Symfony/Component/Console/Output/ConsoleOutput))
#23 {main}
"} 
[2026-02-09 23:06:12] laravel.EMERGENCY: Unable to create configured logger. Using emergency logger. {"exception":"[object] (InvalidArgumentException(code: 0): Log [] is not defined. at C:/Users/KAUAARIELSOUZAHUNGER/Desktop/HUMILHANDO-WILLIAN/back-end/vendor/laravel/framework/src/Illuminate/Log/LogManager.php:212)
[stacktrace]
#0 C:/Users/KAUAARIELSOUZAHUNGER/Desktop/HUMILHANDO-WILLIAN/back-end/vendor/laravel/framework/src/Illuminate/Log/LogManager.php(137): Illuminate/Log/LogManager->resolve(NULL, NULL)
#1 C:/Users/KAUAARIELSOUZAHUNGER/Desktop/HUMILHANDO-WILLIAN/back-end/vendor/laravel/framework/src/Illuminate/Log/LogManager.php(124): Illuminate/Log/LogManager->get(NULL)
#2 C:/Users/KAUAARIELSOUZAHUNGER/Desktop/HUMILHANDO-WILLIAN/back-end/vendor/laravel/framework/src/Illuminate/Log/LogManager.php(681): Illuminate/Log/LogManager->driver()
#3 C:/Users/KAUAARIELSOUZAHUNGER/Desktop/HUMILHANDO-WILLIAN/back-end/vendor/laravel/framework/src/Illuminate/Foundation/Exceptions/Handler.php(317): Illuminate/Log/LogManager->error('Target class [f...', Array)
#4 C:/Users/KAUAARIELSOUZAHUNGER/Desktop/HUMILHANDO-WILLIAN/back-end/vendor/laravel/framework/src/Illuminate/Foundation/Exceptions/Handler.php(278): Illuminate/Foundation/Exceptions/Handler->reportThrowable(Object(Illuminate/Contracts/Container/BindingResolutionException))
#5 C:/Users/KAUAARIELSOUZAHUNGER/Desktop/HUMILHANDO-WILLIAN/back-end/vendor/laravel/framework/src/Illuminate/Foundation/Console/Kernel.php(523): Illuminate/Foundation/Exceptions/Handler->report(Object(Illuminate/Contracts/Container/BindingResolutionException))
#6 C:/Users/KAUAARIELSOUZAHUNGER/Desktop/HUMILHANDO-WILLIAN/back-end/vendor/laravel/framework/src/Illuminate/Foundation/Console/Kernel.php(203): Illuminate/Foundation/Console/Kernel->reportException(Object(Illuminate/Contracts/Container/BindingResolutionException))
#7 C:/Users/KAUAARIELSOUZAHUNGER/Desktop/HUMILHANDO-WILLIAN/back-end/artisan(12): Illuminate/Foundation/Console/Kernel->handle(Object(Symfony/Component/Console/Input/ArgvInput), Object(Symfony/Component/Console/Output/ConsoleOutput))
#8 {main}
"} 
[2026-02-09 23:06:12] laravel.ERROR: Target class [files] does not exist. {"exception":"[object] (Illuminate\\Contracts\\Container\\BindingResolutionException(code: 0): Target class [files] does not exist. at C:/Users/KAUAARIELSOUZAHUNGER/Desktop/HUMILHANDO-WILLIAN/back-end/vendor/laravel/framework/src/Illuminate/Container/Container.php:914)
[stacktrace]
#0 C:/Users/KAUAARIELSOUZAHUNGER/Desktop/HUMILHANDO-WILLIAN/back-end/vendor/laravel/framework/src/Illuminate/Container/Container.php(795): Illuminate/Container/Container->build('files')
#1 C:/Users/KAUAARIELSOUZAHUNGER/Desktop/HUMILHANDO-WILLIAN/back-end/vendor/laravel/framework/src/Illuminate/Foundation/Application.php(986): Illuminate/Container/Container->resolve('files', Array, true)
#2 C:/Users/KAUAARIELSOUZAHUNGER/Desktop/HUMILHANDO-WILLIAN/back-end/vendor/laravel/framework/src/Illuminate/Container/Container.php(731): Illuminate/Foundation/Application->resolve('files', Array)
#3 C:/Users/KAUAARIELSOUZAHUNGER/Desktop/HUMILHANDO-WILLIAN/back-end/vendor/laravel/framework/src/Illuminate/Foundation/Application.php(971): Illuminate/Container/Container->make('files', Array)
#4 C:/Users/KAUAARIELSOUZAHUNGER/Desktop/HUMILHANDO-WILLIAN/back-end/vendor/laravel/framework/src/Illuminate/Container/Container.php(1454): Illuminate/Foundation/Application->make('files')
#5 C:/Users/KAUAARIELSOUZAHUNGER/Desktop/HUMILHANDO-WILLIAN/back-end/vendor/laravel/framework/src/Illuminate/Foundation/Application.php(1176): Illuminate/Container/Container->offsetGet('files')
#6 C:/Users/KAUAARIELSOUZAHUNGER/Desktop/HUMILHANDO-WILLIAN/back-end/vendor/laravel/sanctum/src/SanctumServiceProvider.php(82): Illuminate/Foundation/Application->routesAreCached()
#7 C:/Users/KAUAARIELSOUZAHUNGER/Desktop/HUMILHANDO-WILLIAN/back-end/vendor/laravel/sanctum/src/SanctumServiceProvider.php(58): Laravel/Sanctum/SanctumServiceProvider->defineRoutes()
#8 C:/Users/KAUAARIELSOUZAHUNGER/Desktop/HUMILHANDO-WILLIAN/back-end/vendor/laravel/framework/src/Illuminate/Container/BoundMethod.php(36): Laravel/Sanctum/SanctumServiceProvider->boot()
#9 C:/Users/KAUAARIELSOUZAHUNGER/Desktop/HUMILHANDO-WILLIAN/back-end/vendor/laravel/framework/src/Illuminate/Container/Util.php(41): Illuminate/Container/BoundMethod::Illuminate/Container/{closure}()
#10 C:/Users/KAUAARIELSOUZAHUNGER/Desktop/HUMILHANDO-WILLIAN/back-end/vendor/laravel/framework/src/Illuminate/Container/BoundMethod.php(93): Illuminate/Container/Util::unwrapIfClosure(Object(Closure))
#11 C:/Users/KAUAARIELSOUZAHUNGER/Desktop/HUMILHANDO-WILLIAN/back-end/vendor/laravel/framework/src/Illuminate/Container/BoundMethod.php(35): Illuminate/Container/BoundMethod::callBoundMethod(Object(Illuminate/Foundation/Application), Array, Object(Closure))
#12 C:/Users/KAUAARIELSOUZAHUNGER/Desktop/HUMILHANDO-WILLIAN/back-end/vendor/laravel/framework/src/Illuminate/Container/Container.php(662): Illuminate/Container/BoundMethod::call(Object(Illuminate/Foundation/Application), Array, Array, NULL)
#13 C:/Users/KAUAARIELSOUZAHUNGER/Desktop/HUMILHANDO-WILLIAN/back-end/vendor/laravel/framework/src/Illuminate/Foundation/Application.php(1059): Illuminate/Container/Container->call(Array)
#14 C:/Users/KAUAARIELSOUZAHUNGER/Desktop/HUMILHANDO-WILLIAN/back-end/vendor/laravel/framework/src/Illuminate/Foundation/Application.php(1040): Illuminate/Foundation/Application->bootProvider(Object(Laravel/Sanctum/SanctumServiceProvider))
#15 [internal function]: Illuminate/Foundation/Application->Illuminate/Foundation/{closure}(Object(Laravel/Sanctum/SanctumServiceProvider), 3)
#16 C:/Users/KAUAARIELSOUZAHUNGER/Desktop/HUMILHANDO-WILLIAN/back-end/vendor/laravel/framework/src/Illuminate/Foundation/Application.php(1039): array_walk(Array, Object(Closure))
#17 C:/Users/KAUAARIELSOUZAHUNGER/Desktop/HUMILHANDO-WILLIAN/back-end/vendor/laravel/framework/src/Illuminate/Foundation/Bootstrap/BootProviders.php(17): Illuminate/Foundation/Application->boot()
#18 C:/Users/KAUAARIELSOUZAHUNGER/Desktop/HUMILHANDO-WILLIAN/back-end/vendor/laravel/framework/src/Illuminate/Foundation/Application.php(286): Illuminate/Foundation/Bootstrap/BootProviders->bootstrap(Object(Illuminate/Foundation/Application))
#19 C:/Users/KAUAARIELSOUZAHUNGER/Desktop/HUMILHANDO-WILLIAN/back-end/vendor/laravel/framework/src/Illuminate/Foundation/Console/Kernel.php(447): Illuminate/Foundation/Application->bootstrapWith(Array)
#20 C:/Users/KAUAARIELSOUZAHUNGER/Desktop/HUMILHANDO-WILLIAN/back-end/vendor/laravel/framework/src/Illuminate/Foundation/Console/Kernel.php(199): Illuminate/Foundation/Console/Kernel->bootstrap()
#21 C:/Users/KAUAARIELSOUZAHUNGER/Desktop/HUMILHANDO-WILLIAN/back-end/artisan(12): Illuminate/Foundation/Console/Kernel->handle(Object(Symfony/Component/Console/Input/ArgvInput), Object(Symfony/Component/Console/Output/ConsoleOutput))
#22 {main}

[previous exception] [object] (ReflectionException(code: -1): Class \"files\" does not exist at C:/Users/KAUAARIELSOUZAHUNGER/Desktop/HUMILHANDO-WILLIAN/back-end/vendor/laravel/framework/src/Illuminate/Container/Container.php:912)
[stacktrace]
#0 C:/Users/KAUAARIELSOUZAHUNGER/Desktop/HUMILHANDO-WILLIAN/back-end/vendor/laravel/framework/src/Illuminate/Container/Container.php(912): ReflectionClass->__construct('files')
#1 C:/Users/KAUAARIELSOUZAHUNGER/Desktop/HUMILHANDO-WILLIAN/back-end/vendor/laravel/framework/src/Illuminate/Container/Container.php(795): Illuminate/Container/Container->build('files')
#2 C:/Users/KAUAARIELSOUZAHUNGER/Desktop/HUMILHANDO-WILLIAN/back-end/vendor/laravel/framework/src/Illuminate/Foundation/Application.php(986): Illuminate/Container/Container->resolve('files', Array, true)
#3 C:/Users/KAUAARIELSOUZAHUNGER/Desktop/HUMILHANDO-WILLIAN/back-end/vendor/laravel/framework/src/Illuminate/Container/Container.php(731): Illuminate/Foundation/Application->resolve('files', Array)
#4 C:/Users/KAUAARIELSOUZAHUNGER/Desktop/HUMILHANDO-WILLIAN/back-end/vendor/laravel/framework/src/Illuminate/Foundation/Application.php(971): Illuminate/Container/Container->make('files', Array)
#5 C:/Users/KAUAARIELSOUZAHUNGER/Desktop/HUMILHANDO-WILLIAN/back-end/vendor/laravel/framework/src/Illuminate/Container/Container.php(1454): Illuminate/Foundation/Application->make('files')
#6 C:/Users/KAUAARIELSOUZAHUNGER/Desktop/HUMILHANDO-WILLIAN/back-end/vendor/laravel/framework/src/Illuminate/Foundation/Application.php(1176): Illuminate/Container/Container->offsetGet('files')
#7 C:/Users/KAUAARIELSOUZAHUNGER/Desktop/HUMILHANDO-WILLIAN/back-end/vendor/laravel/sanctum/src/SanctumServiceProvider.php(82): Illuminate/Foundation/Application->routesAreCached()
#8 C:/Users/KAUAARIELSOUZAHUNGER/Desktop/HUMILHANDO-WILLIAN/back-end/vendor/laravel/sanctum/src/SanctumServiceProvider.php(58): Laravel/Sanctum/SanctumServiceProvider->defineRoutes()
#9 C:/Users/KAUAARIELSOUZAHUNGER/Desktop/HUMILHANDO-WILLIAN/back-end/vendor/laravel/framework/src/Illuminate/Container/BoundMethod.php(36): Laravel/Sanctum/SanctumServiceProvider->boot()
#10 C:/Users/KAUAARIELSOUZAHUNGER/Desktop/HUMILHANDO-WILLIAN/back-end/vendor/laravel/framework/src/Illuminate/Container/Util.php(41): Illuminate/Container/BoundMethod::Illuminate/Container/{closure}()
#11 C:/Users/KAUAARIELSOUZAHUNGER/Desktop/HUMILHANDO-WILLIAN/back-end/vendor/laravel/framework/src/Illuminate/Container/BoundMethod.php(93): Illuminate/Container/Util::unwrapIfClosure(Object(Closure))
#12 C:/Users/KAUAARIELSOUZAHUNGER/Desktop/HUMILHANDO-WILLIAN/back-end/vendor/laravel/framework/src/Illuminate/Container/BoundMethod.php(35): Illuminate/Container/BoundMethod::callBoundMethod(Object(Illuminate/Foundation/Application), Array, Object(Closure))
#13 C:/Users/KAUAARIELSOUZAHUNGER/Desktop/HUMILHANDO-WILLIAN/back-end/vendor/laravel/framework/src/Illuminate/Container/Container.php(662): Illuminate/Container/BoundMethod::call(Object(Illuminate/Foundation/Application), Array, Array, NULL)
#14 C:/Users/KAUAARIELSOUZAHUNGER/Desktop/HUMILHANDO-WILLIAN/back-end/vendor/laravel/framework/src/Illuminate/Foundation/Application.php(1059): Illuminate/Container/Container->call(Array)
#15 C:/Users/KAUAARIELSOUZAHUNGER/Desktop/HUMILHANDO-WILLIAN/back-end/vendor/laravel/framework/src/Illuminate/Foundation/Application.php(1040): Illuminate/Foundation/Application->bootProvider(Object(Laravel/Sanctum/SanctumServiceProvider))
#16 [internal function]: Illuminate/Foundation/Application->Illuminate/Foundation/{closure}(Object(Laravel/Sanctum/SanctumServiceProvider), 3)
#17 C:/Users/KAUAARIELSOUZAHUNGER/Desktop/HUMILHANDO-WILLIAN/back-end/vendor/laravel/framework/src/Illuminate/Foundation/Application.php(1039): array_walk(Array, Object(Closure))
#18 C:/Users/KAUAARIELSOUZAHUNGER/Desktop/HUMILHANDO-WILLIAN/back-end/vendor/laravel/framework/src/Illuminate/Foundation/Bootstrap/BootProviders.php(17): Illuminate/Foundation/Application->boot()
#19 C:/Users/KAUAARIELSOUZAHUNGER/Desktop/HUMILHANDO-WILLIAN/back-end/vendor/laravel/framework/src/Illuminate/Foundation/Application.php(286): Illuminate/Foundation/Bootstrap/BootProviders->bootstrap(Object(Illuminate/Foundation/Application))
#20 C:/Users/KAUAARIELSOUZAHUNGER/Desktop/HUMILHANDO-WILLIAN/back-end/vendor/laravel/framework/src/Illuminate/Foundation/Console/Kernel.php(447): Illuminate/Foundation/Application->bootstrapWith(Array)
#21 C:/Users/KAUAARIELSOUZAHUNGER/Desktop/HUMILHANDO-WILLIAN/back-end/vendor/laravel/framework/src/Illuminate/Foundation/Console/Kernel.php(199): Illuminate/Foundation/Console/Kernel->bootstrap()
#22 C:/Users/KAUAARIELSOUZAHUNGER/Desktop/HUMILHANDO-WILLIAN/back-end/artisan(12): Illuminate/Foundation/Console/Kernel->handle(Object(Symfony/Component/Console/Input/ArgvInput), Object(Symfony/Component/Console/Output/ConsoleOutput))
#23 {main}
"} 
[2026-02-09 23:06:30] laravel.EMERGENCY: Unable to create configured logger. Using emergency logger. {"exception":"[object] (InvalidArgumentException(code: 0): Log [] is not defined. at C:/Users/KAUAARIELSOUZAHUNGER/Desktop/HUMILHANDO-WILLIAN/back-end/vendor/laravel/framework/src/Illuminate/Log/LogManager.php:212)
[stacktrace]
#0 C:/Users/KAUAARIELSOUZAHUNGER/Desktop/HUMILHANDO-WILLIAN/back-end/vendor/laravel/framework/src/Illuminate/Log/LogManager.php(137): Illuminate/Log/LogManager->resolve(NULL, NULL)
#1 C:/Users/KAUAARIELSOUZAHUNGER/Desktop/HUMILHANDO-WILLIAN/back-end/vendor/laravel/framework/src/Illuminate/Log/LogManager.php(124): Illuminate/Log/LogManager->get(NULL)
#2 C:/Users/KAUAARIELSOUZAHUNGER/Desktop/HUMILHANDO-WILLIAN/back-end/vendor/laravel/framework/src/Illuminate/Log/LogManager.php(681): Illuminate/Log/LogManager->driver()
#3 C:/Users/KAUAARIELSOUZAHUNGER/Desktop/HUMILHANDO-WILLIAN/back-end/vendor/laravel/framework/src/Illuminate/Foundation/Exceptions/Handler.php(317): Illuminate/Log/LogManager->error('Target class [f...', Array)
#4 C:/Users/KAUAARIELSOUZAHUNGER/Desktop/HUMILHANDO-WILLIAN/back-end/vendor/laravel/framework/src/Illuminate/Foundation/Exceptions/Handler.php(278): Illuminate/Foundation/Exceptions/Handler->reportThrowable(Object(Illuminate/Contracts/Container/BindingResolutionException))
#5 C:/Users/KAUAARIELSOUZAHUNGER/Desktop/HUMILHANDO-WILLIAN/back-end/vendor/laravel/framework/src/Illuminate/Foundation/Console/Kernel.php(523): Illuminate/Foundation/Exceptions/Handler->report(Object(Illuminate/Contracts/Container/BindingResolutionException))
#6 C:/Users/KAUAARIELSOUZAHUNGER/Desktop/HUMILHANDO-WILLIAN/back-end/vendor/laravel/framework/src/Illuminate/Foundation/Console/Kernel.php(203): Illuminate/Foundation/Console/Kernel->reportException(Object(Illuminate/Contracts/Container/BindingResolutionException))
#7 C:/Users/KAUAARIELSOUZAHUNGER/Desktop/HUMILHANDO-WILLIAN/back-end/artisan(12): Illuminate/Foundation/Console/Kernel->handle(Object(Symfony/Component/Console/Input/ArgvInput), Object(Symfony/Component/Console/Output/ConsoleOutput))
#8 {main}
"} 
[2026-02-09 23:06:30] laravel.ERROR: Target class [files] does not exist. {"exception":"[object] (Illuminate\\Contracts\\Container\\BindingResolutionException(code: 0): Target class [files] does not exist. at C:/Users/KAUAARIELSOUZAHUNGER/Desktop/HUMILHANDO-WILLIAN/back-end/vendor/laravel/framework/src/Illuminate/Container/Container.php:914)
[stacktrace]
#0 C:/Users/KAUAARIELSOUZAHUNGER/Desktop/HUMILHANDO-WILLIAN/back-end/vendor/laravel/framework/src/Illuminate/Container/Container.php(795): Illuminate/Container/Container->build('files')
#1 C:/Users/KAUAARIELSOUZAHUNGER/Desktop/HUMILHANDO-WILLIAN/back-end/vendor/laravel/framework/src/Illuminate/Foundation/Application.php(986): Illuminate/Container/Container->resolve('files', Array, true)
#2 C:/Users/KAUAARIELSOUZAHUNGER/Desktop/HUMILHANDO-WILLIAN/back-end/vendor/laravel/framework/src/Illuminate/Container/Container.php(731): Illuminate/Foundation/Application->resolve('files', Array)
#3 C:/Users/KAUAARIELSOUZAHUNGER/Desktop/HUMILHANDO-WILLIAN/back-end/vendor/laravel/framework/src/Illuminate/Foundation/Application.php(971): Illuminate/Container/Container->make('files', Array)
#4 C:/Users/KAUAARIELSOUZAHUNGER/Desktop/HUMILHANDO-WILLIAN/back-end/vendor/laravel/framework/src/Illuminate/Container/Container.php(1454): Illuminate/Foundation/Application->make('files')
#5 C:/Users/KAUAARIELSOUZAHUNGER/Desktop/HUMILHANDO-WILLIAN/back-end/vendor/laravel/framework/src/Illuminate/Foundation/Application.php(1176): Illuminate/Container/Container->offsetGet('files')
#6 C:/Users/KAUAARIELSOUZAHUNGER/Desktop/HUMILHANDO-WILLIAN/back-end/vendor/laravel/sanctum/src/SanctumServiceProvider.php(82): Illuminate/Foundation/Application->routesAreCached()
#7 C:/Users/KAUAARIELSOUZAHUNGER/Desktop/HUMILHANDO-WILLIAN/back-end/vendor/laravel/sanctum/src/SanctumServiceProvider.php(58): Laravel/Sanctum/SanctumServiceProvider->defineRoutes()
#8 C:/Users/KAUAARIELSOUZAHUNGER/Desktop/HUMILHANDO-WILLIAN/back-end/vendor/laravel/framework/src/Illuminate/Container/BoundMethod.php(36): Laravel/Sanctum/SanctumServiceProvider->boot()
#9 C:/Users/KAUAARIELSOUZAHUNGER/Desktop/HUMILHANDO-WILLIAN/back-end/vendor/laravel/framework/src/Illuminate/Container/Util.php(41): Illuminate/Container/BoundMethod::Illuminate/Container/{closure}()
#10 C:/Users/KAUAARIELSOUZAHUNGER/Desktop/HUMILHANDO-WILLIAN/back-end/vendor/laravel/framework/src/Illuminate/Container/BoundMethod.php(93): Illuminate/Container/Util::unwrapIfClosure(Object(Closure))
#11 C:/Users/KAUAARIELSOUZAHUNGER/Desktop/HUMILHANDO-WILLIAN/back-end/vendor/laravel/framework/src/Illuminate/Container/BoundMethod.php(35): Illuminate/Container/BoundMethod::callBoundMethod(Object(Illuminate/Foundation/Application), Array, Object(Closure))
#12 C:/Users/KAUAARIELSOUZAHUNGER/Desktop/HUMILHANDO-WILLIAN/back-end/vendor/laravel/framework/src/Illuminate/Container/Container.php(662): Illuminate/Container/BoundMethod::call(Object(Illuminate/Foundation/Application), Array, Array, NULL)
#13 C:/Users/KAUAARIELSOUZAHUNGER/Desktop/HUMILHANDO-WILLIAN/back-end/vendor/laravel/framework/src/Illuminate/Foundation/Application.php(1059): Illuminate/Container/Container->call(Array)
#14 C:/Users/KAUAARIELSOUZAHUNGER/Desktop/HUMILHANDO-WILLIAN/back-end/vendor/laravel/framework/src/Illuminate/Foundation/Application.php(1040): Illuminate/Foundation/Application->bootProvider(Object(Laravel/Sanctum/SanctumServiceProvider))
#15 [internal function]: Illuminate/Foundation/Application->Illuminate/Foundation/{closure}(Object(Laravel/Sanctum/SanctumServiceProvider), 3)
#16 C:/Users/KAUAARIELSOUZAHUNGER/Desktop/HUMILHANDO-WILLIAN/back-end/vendor/laravel/framework/src/Illuminate/Foundation/Application.php(1039): array_walk(Array, Object(Closure))
#17 C:/Users/KAUAARIELSOUZAHUNGER/Desktop/HUMILHANDO-WILLIAN/back-end/vendor/laravel/framework/src/Illuminate/Foundation/Bootstrap/BootProviders.php(17): Illuminate/Foundation/Application->boot()
#18 C:/Users/KAUAARIELSOUZAHUNGER/Desktop/HUMILHANDO-WILLIAN/back-end/vendor/laravel/framework/src/Illuminate/Foundation/Application.php(286): Illuminate/Foundation/Bootstrap/BootProviders->bootstrap(Object(Illuminate/Foundation/Application))
#19 C:/Users/KAUAARIELSOUZAHUNGER/Desktop/HUMILHANDO-WILLIAN/back-end/vendor/laravel/framework/src/Illuminate/Foundation/Console/Kernel.php(447): Illuminate/Foundation/Application->bootstrapWith(Array)
#20 C:/Users/KAUAARIELSOUZAHUNGER/Desktop/HUMILHANDO-WILLIAN/back-end/vendor/laravel/framework/src/Illuminate/Foundation/Console/Kernel.php(199): Illuminate/Foundation/Console/Kernel->bootstrap()
#21 C:/Users/KAUAARIELSOUZAHUNGER/Desktop/HUMILHANDO-WILLIAN/back-end/artisan(12): Illuminate/Foundation/Console/Kernel->handle(Object(Symfony/Component/Console/Input/ArgvInput), Object(Symfony/Component/Console/Output/ConsoleOutput))
#22 {main}

[previous exception] [object] (ReflectionException(code: -1): Class \"files\" does not exist at C:/Users/KAUAARIELSOUZAHUNGER/Desktop/HUMILHANDO-WILLIAN/back-end/vendor/laravel/framework/src/Illuminate/Container/Container.php:912)
[stacktrace]
#0 C:/Users/KAUAARIELSOUZAHUNGER/Desktop/HUMILHANDO-WILLIAN/back-end/vendor/laravel/framework/src/Illuminate/Container/Container.php(912): ReflectionClass->__construct('files')
#1 C:/Users/KAUAARIELSOUZAHUNGER/Desktop/HUMILHANDO-WILLIAN/back-end/vendor/laravel/framework/src/Illuminate/Container/Container.php(795): Illuminate/Container/Container->build('files')
#2 C:/Users/KAUAARIELSOUZAHUNGER/Desktop/HUMILHANDO-WILLIAN/back-end/vendor/laravel/framework/src/Illuminate/Foundation/Application.php(986): Illuminate/Container/Container->resolve('files', Array, true)
#3 C:/Users/KAUAARIELSOUZAHUNGER/Desktop/HUMILHANDO-WILLIAN/back-end/vendor/laravel/framework/src/Illuminate/Container/Container.php(731): Illuminate/Foundation/Application->resolve('files', Array)
#4 C:/Users/KAUAARIELSOUZAHUNGER/Desktop/HUMILHANDO-WILLIAN/back-end/vendor/laravel/framework/src/Illuminate/Foundation/Application.php(971): Illuminate/Container/Container->make('files', Array)
#5 C:/Users/KAUAARIELSOUZAHUNGER/Desktop/HUMILHANDO-WILLIAN/back-end/vendor/laravel/framework/src/Illuminate/Container/Container.php(1454): Illuminate/Foundation/Application->make('files')
#6 C:/Users/KAUAARIELSOUZAHUNGER/Desktop/HUMILHANDO-WILLIAN/back-end/vendor/laravel/framework/src/Illuminate/Foundation/Application.php(1176): Illuminate/Container/Container->offsetGet('files')
#7 C:/Users/KAUAARIELSOUZAHUNGER/Desktop/HUMILHANDO-WILLIAN/back-end/vendor/laravel/sanctum/src/SanctumServiceProvider.php(82): Illuminate/Foundation/Application->routesAreCached()
#8 C:/Users/KAUAARIELSOUZAHUNGER/Desktop/HUMILHANDO-WILLIAN/back-end/vendor/laravel/sanctum/src/SanctumServiceProvider.php(58): Laravel/Sanctum/SanctumServiceProvider->defineRoutes()
#9 C:/Users/KAUAARIELSOUZAHUNGER/Desktop/HUMILHANDO-WILLIAN/back-end/vendor/laravel/framework/src/Illuminate/Container/BoundMethod.php(36): Laravel/Sanctum/SanctumServiceProvider->boot()
#10 C:/Users/KAUAARIELSOUZAHUNGER/Desktop/HUMILHANDO-WILLIAN/back-end/vendor/laravel/framework/src/Illuminate/Container/Util.php(41): Illuminate/Container/BoundMethod::Illuminate/Container/{closure}()
#11 C:/Users/KAUAARIELSOUZAHUNGER/Desktop/HUMILHANDO-WILLIAN/back-end/vendor/laravel/framework/src/Illuminate/Container/BoundMethod.php(93): Illuminate/Container/Util::unwrapIfClosure(Object(Closure))
#12 C:/Users/KAUAARIELSOUZAHUNGER/Desktop/HUMILHANDO-WILLIAN/back-end/vendor/laravel/framework/src/Illuminate/Container/BoundMethod.php(35): Illuminate/Container/BoundMethod::callBoundMethod(Object(Illuminate/Foundation/Application), Array, Object(Closure))
#13 C:/Users/KAUAARIELSOUZAHUNGER/Desktop/HUMILHANDO-WILLIAN/back-end/vendor/laravel/framework/src/Illuminate/Container/Container.php(662): Illuminate/Container/BoundMethod::call(Object(Illuminate/Foundation/Application), Array, Array, NULL)
#14 C:/Users/KAUAARIELSOUZAHUNGER/Desktop/HUMILHANDO-WILLIAN/back-end/vendor/laravel/framework/src/Illuminate/Foundation/Application.php(1059): Illuminate/Container/Container->call(Array)
#15 C:/Users/KAUAARIELSOUZAHUNGER/Desktop/HUMILHANDO-WILLIAN/back-end/vendor/laravel/framework/src/Illuminate/Foundation/Application.php(1040): Illuminate/Foundation/Application->bootProvider(Object(Laravel/Sanctum/SanctumServiceProvider))
#16 [internal function]: Illuminate/Foundation/Application->Illuminate/Foundation/{closure}(Object(Laravel/Sanctum/SanctumServiceProvider), 3)
#17 C:/Users/KAUAARIELSOUZAHUNGER/Desktop/HUMILHANDO-WILLIAN/back-end/vendor/laravel/framework/src/Illuminate/Foundation/Application.php(1039): array_walk(Array, Object(Closure))
#18 C:/Users/KAUAARIELSOUZAHUNGER/Desktop/HUMILHANDO-WILLIAN/back-end/vendor/laravel/framework/src/Illuminate/Foundation/Bootstrap/BootProviders.php(17): Illuminate/Foundation/Application->boot()
#19 C:/Users/KAUAARIELSOUZAHUNGER/Desktop/HUMILHANDO-WILLIAN/back-end/vendor/laravel/framework/src/Illuminate/Foundation/Application.php(286): Illuminate/Foundation/Bootstrap/BootProviders->bootstrap(Object(Illuminate/Foundation/Application))
#20 C:/Users/KAUAARIELSOUZAHUNGER/Desktop/HUMILHANDO-WILLIAN/back-end/vendor/laravel/framework/src/Illuminate/Foundation/Console/Kernel.php(447): Illuminate/Foundation/Application->bootstrapWith(Array)
#21 C:/Users/KAUAARIELSOUZAHUNGER/Desktop/HUMILHANDO-WILLIAN/back-end/vendor/laravel/framework/src/Illuminate/Foundation/Console/Kernel.php(199): Illuminate/Foundation/Console/Kernel->bootstrap()
#22 C:/Users/KAUAARIELSOUZAHUNGER/Desktop/HUMILHANDO-WILLIAN/back-end/artisan(12): Illuminate/Foundation/Console/Kernel->handle(Object(Symfony/Component/Console/Input/ArgvInput), Object(Symfony/Component/Console/Output/ConsoleOutput))
#23 {main}
"} 
[2026-02-09 23:06:55] laravel.EMERGENCY: Unable to create configured logger. Using emergency logger. {"exception":"[object] (InvalidArgumentException(code: 0): Log [] is not defined. at C:/Users/KAUAARIELSOUZAHUNGER/Desktop/HUMILHANDO-WILLIAN/back-end/vendor/laravel/framework/src/Illuminate/Log/LogManager.php:212)
[stacktrace]
#0 C:/Users/KAUAARIELSOUZAHUNGER/Desktop/HUMILHANDO-WILLIAN/back-end/vendor/laravel/framework/src/Illuminate/Log/LogManager.php(137): Illuminate/Log/LogManager->resolve(NULL, NULL)
#1 C:/Users/KAUAARIELSOUZAHUNGER/Desktop/HUMILHANDO-WILLIAN/back-end/vendor/laravel/framework/src/Illuminate/Log/LogManager.php(124): Illuminate/Log/LogManager->get(NULL)
#2 C:/Users/KAUAARIELSOUZAHUNGER/Desktop/HUMILHANDO-WILLIAN/back-end/vendor/laravel/framework/src/Illuminate/Log/LogManager.php(681): Illuminate/Log/LogManager->driver()
#3 C:/Users/KAUAARIELSOUZAHUNGER/Desktop/HUMILHANDO-WILLIAN/back-end/vendor/laravel/framework/src/Illuminate/Foundation/Exceptions/Handler.php(317): Illuminate/Log/LogManager->error('Command \"migrat...', Array)
#4 C:/Users/KAUAARIELSOUZAHUNGER/Desktop/HUMILHANDO-WILLIAN/back-end/vendor/laravel/framework/src/Illuminate/Foundation/Exceptions/Handler.php(278): Illuminate/Foundation/Exceptions/Handler->reportThrowable(Object(Symfony/Component/Console/Exception/CommandNotFoundException))
#5 C:/Users/KAUAARIELSOUZAHUNGER/Desktop/HUMILHANDO-WILLIAN/back-end/vendor/laravel/framework/src/Illuminate/Foundation/Console/Kernel.php(523): Illuminate/Foundation/Exceptions/Handler->report(Object(Symfony/Component/Console/Exception/CommandNotFoundException))
#6 C:/Users/KAUAARIELSOUZAHUNGER/Desktop/HUMILHANDO-WILLIAN/back-end/vendor/laravel/framework/src/Illuminate/Foundation/Console/Kernel.php(203): Illuminate/Foundation/Console/Kernel->reportException(Object(Symfony/Component/Console/Exception/CommandNotFoundException))
#7 C:/Users/KAUAARIELSOUZAHUNGER/Desktop/HUMILHANDO-WILLIAN/back-end/artisan(12): Illuminate/Foundation/Console/Kernel->handle(Object(Symfony/Component/Console/Input/ArgvInput), Object(Symfony/Component/Console/Output/ConsoleOutput))
#8 {main}
"} 
[2026-02-09 23:06:55] laravel.ERROR: Command "migrate" is not defined. {"exception":"[object] (Symfony\\Component\\Console\\Exception\\CommandNotFoundException(code: 0): Command \"migrate\" is not defined. at C:/Users/KAUAARIELSOUZAHUNGER/Desktop/HUMILHANDO-WILLIAN/back-end/vendor/symfony/console/Application.php:745)
[stacktrace]
#0 C:/Users/KAUAARIELSOUZAHUNGER/Desktop/HUMILHANDO-WILLIAN/back-end/vendor/symfony/console/Application.php(266): Symfony/Component/Console/Application->find('migrate')
#1 C:/Users/KAUAARIELSOUZAHUNGER/Desktop/HUMILHANDO-WILLIAN/back-end/vendor/symfony/console/Application.php(175): Symfony/Component/Console/Application->doRun(Object(Symfony/Component/Console/Input/ArgvInput), Object(Symfony/Component/Console/Output/ConsoleOutput))
#2 C:/Users/KAUAARIELSOUZAHUNGER/Desktop/HUMILHANDO-WILLIAN/back-end/vendor/laravel/framework/src/Illuminate/Foundation/Console/Kernel.php(201): Symfony/Component/Console/Application->run(Object(Symfony/Component/Console/Input/ArgvInput), Object(Symfony/Component/Console/Output/ConsoleOutput))
#3 C:/Users/KAUAARIELSOUZAHUNGER/Desktop/HUMILHANDO-WILLIAN/back-end/artisan(12): Illuminate/Foundation/Console/Kernel->handle(Object(Symfony/Component/Console/Input/ArgvInput), Object(Symfony/Component/Console/Output/ConsoleOutput))
#4 {main}
"} 
